<html>
<body>
<pre>
<h1>µVision Build Log</h1>
<h2>Tool Versions:</h2>
IDE-Version: ¦ÌVision V5.14.0.0
Copyright (C) 2015 ARM Ltd and ARM Germany GmbH. All rights reserved.
License Information: 1 1, 1, LIC=----
 
Tool Versions:
Toolchain:       MDK-Lite  Version: 5.14.0.0
Toolchain Path:  D:\mdk\ARM\ARMCC\Bin
C Compiler:      Armcc.exe V5.05 update 1 (build 106)
Assembler:       Armasm.exe V5.05 update 1 (build 106)
Linker/Locator:  ArmLink.exe V5.05 update 1 (build 106)
Library Manager: ArmAr.exe V5.05 update 1 (build 106)
Hex Converter:   FromElf.exe V5.05 update 1 (build 106)
CPU DLL:         SARMCM3.DLL V5.14.0.0
Dialog DLL:      DCM.DLL V1.13.1.0
Target DLL:      CMSIS_AGDI.dll V1.21.0.0
Dialog DLL:      TCM.DLL V1.14.4.0
 
<h2>Project:</h2>
E:\stm32 progect\stm32 wb55xx\lot-for-embedded-race\Projects\MDK_ARM\PILDIO_WB55RG.uvprojx
Project File Date:  05/03/2023

<h2>Output:</h2>
Build target 'Template'
compiling main.c...
compiling sys.c...
..\..\Drivers\SYSTEM\sys.c(78): warning:  #177-D: function "MX_GPIO_Init" was declared but never referenced
  static void MX_GPIO_Init(void)
..\..\Drivers\SYSTEM\sys.c: 1 warning, 0 errors
linking...
Program Size: Code=5904 RO-data=648 RW-data=16 ZI-data=1632  
FromELF: creating hex file...
"..\..\Output\PILDIO_WB55RG.axf" - 0 Error(s), 1 Warning(s).

<h2>Collection of Component include folders:</h2>
  E:\stm32 progect\stm32 wb55xx\lot-for-embedded-race\Projects\MDK_ARM\RTE
  D:\mdk\Keil\STM32WBxx_DFP\1.0.0

<h2>Collection of Component Files used:</h2>
</pre>
</body>
</html>
