Component: ARM Compiler 5.05 update 1 (build 106) Tool: armlink [4d0efa]

==============================================================================

Section Cross References

    startup_stm32wb55xx_cm4.o(STACK) refers (Special) to heapauxi.o(.text) for __use_two_region_memory
    startup_stm32wb55xx_cm4.o(HEAP) refers (Special) to heapauxi.o(.text) for __use_two_region_memory
    startup_stm32wb55xx_cm4.o(RESET) refers (Special) to heapauxi.o(.text) for __use_two_region_memory
    startup_stm32wb55xx_cm4.o(RESET) refers to startup_stm32wb55xx_cm4.o(STACK) for __initial_sp
    startup_stm32wb55xx_cm4.o(RESET) refers to startup_stm32wb55xx_cm4.o(.text) for Reset_Handler
    startup_stm32wb55xx_cm4.o(RESET) refers to stm32wbxx_it.o(i.NMI_Handler) for NMI_Handler
    startup_stm32wb55xx_cm4.o(RESET) refers to stm32wbxx_it.o(i.HardFault_Handler) for HardFault_Handler
    startup_stm32wb55xx_cm4.o(RESET) refers to stm32wbxx_it.o(i.MemManage_Handler) for MemManage_Handler
    startup_stm32wb55xx_cm4.o(RESET) refers to stm32wbxx_it.o(i.BusFault_Handler) for BusFault_Handler
    startup_stm32wb55xx_cm4.o(RESET) refers to stm32wbxx_it.o(i.UsageFault_Handler) for UsageFault_Handler
    startup_stm32wb55xx_cm4.o(RESET) refers to stm32wbxx_it.o(i.SVC_Handler) for SVC_Handler
    startup_stm32wb55xx_cm4.o(RESET) refers to stm32wbxx_it.o(i.DebugMon_Handler) for DebugMon_Handler
    startup_stm32wb55xx_cm4.o(RESET) refers to stm32wbxx_it.o(i.PendSV_Handler) for PendSV_Handler
    startup_stm32wb55xx_cm4.o(RESET) refers to stm32wbxx_it.o(i.SysTick_Handler) for SysTick_Handler
    startup_stm32wb55xx_cm4.o(.text) refers (Special) to heapauxi.o(.text) for __use_two_region_memory
    startup_stm32wb55xx_cm4.o(.text) refers to system_stm32wbxx.o(i.SystemInit) for SystemInit
    startup_stm32wb55xx_cm4.o(.text) refers to __main.o(!!!main) for __main
    startup_stm32wb55xx_cm4.o(.text) refers to startup_stm32wb55xx_cm4.o(HEAP) for Heap_Mem
    startup_stm32wb55xx_cm4.o(.text) refers to startup_stm32wb55xx_cm4.o(STACK) for Stack_Mem
    main.o(i.main) refers to sys.o(i.SystemClock_Config) for SystemClock_Config
    main.o(i.main) refers to sys.o(i.PeriphCommonClock_Config) for PeriphCommonClock_Config
    stm32wbxx_it.o(i.SysTick_Handler) refers to stm32wbxx_hal.o(i.HAL_IncTick) for HAL_IncTick
    system_stm32wbxx.o(i.SystemCoreClockUpdate) refers to system_stm32wbxx.o(.constdata) for MSIRangeTable
    system_stm32wbxx.o(i.SystemCoreClockUpdate) refers to system_stm32wbxx.o(.data) for SystemCoreClock
    sys.o(i.PeriphCommonClock_Config) refers to rt_memclr_w.o(.text) for __aeabi_memclr4
    sys.o(i.PeriphCommonClock_Config) refers to stm32wbxx_hal_rcc_ex.o(i.HAL_RCCEx_PeriphCLKConfig) for HAL_RCCEx_PeriphCLKConfig
    sys.o(i.PeriphCommonClock_Config) refers to sys.o(i.Error_Handler) for Error_Handler
    sys.o(i.SystemClock_Config) refers to rt_memclr_w.o(.text) for __aeabi_memclr4
    sys.o(i.SystemClock_Config) refers to stm32wbxx_hal_rcc.o(i.HAL_RCC_OscConfig) for HAL_RCC_OscConfig
    sys.o(i.SystemClock_Config) refers to sys.o(i.Error_Handler) for Error_Handler
    sys.o(i.SystemClock_Config) refers to stm32wbxx_hal_rcc.o(i.HAL_RCC_ClockConfig) for HAL_RCC_ClockConfig
    stm32wbxx_hal.o(i.HAL_DeInit) refers to stm32wbxx_hal.o(i.HAL_MspDeInit) for HAL_MspDeInit
    stm32wbxx_hal.o(i.HAL_Delay) refers to stm32wbxx_hal.o(i.HAL_GetTick) for HAL_GetTick
    stm32wbxx_hal.o(i.HAL_Delay) refers to stm32wbxx_hal.o(.data) for uwTickFreq
    stm32wbxx_hal.o(i.HAL_GetTick) refers to stm32wbxx_hal.o(.data) for uwTick
    stm32wbxx_hal.o(i.HAL_GetTickFreq) refers to stm32wbxx_hal.o(.data) for uwTickFreq
    stm32wbxx_hal.o(i.HAL_GetTickPrio) refers to stm32wbxx_hal.o(.data) for uwTickPrio
    stm32wbxx_hal.o(i.HAL_IncTick) refers to stm32wbxx_hal.o(.data) for uwTick
    stm32wbxx_hal.o(i.HAL_Init) refers to stm32wbxx_hal_cortex.o(i.HAL_NVIC_SetPriorityGrouping) for HAL_NVIC_SetPriorityGrouping
    stm32wbxx_hal.o(i.HAL_Init) refers to stm32wbxx_hal.o(i.HAL_InitTick) for HAL_InitTick
    stm32wbxx_hal.o(i.HAL_Init) refers to stm32wbxx_hal.o(i.HAL_MspInit) for HAL_MspInit
    stm32wbxx_hal.o(i.HAL_InitTick) refers to stm32wbxx_hal_rcc.o(i.HAL_RCC_GetHCLKFreq) for HAL_RCC_GetHCLKFreq
    stm32wbxx_hal.o(i.HAL_InitTick) refers to stm32wbxx_hal_cortex.o(i.HAL_SYSTICK_Config) for HAL_SYSTICK_Config
    stm32wbxx_hal.o(i.HAL_InitTick) refers to stm32wbxx_hal_cortex.o(i.HAL_NVIC_SetPriority) for HAL_NVIC_SetPriority
    stm32wbxx_hal.o(i.HAL_InitTick) refers to stm32wbxx_hal.o(.data) for uwTickFreq
    stm32wbxx_hal.o(i.HAL_SYSCFG_EnableVREFBUF) refers to stm32wbxx_hal.o(i.HAL_GetTick) for HAL_GetTick
    stm32wbxx_hal.o(i.HAL_SetTickFreq) refers to stm32wbxx_hal.o(i.HAL_InitTick) for HAL_InitTick
    stm32wbxx_hal.o(i.HAL_SetTickFreq) refers to stm32wbxx_hal.o(.data) for uwTickFreq
    stm32wbxx_hal_cortex.o(i.HAL_NVIC_GetPriorityGrouping) refers to stm32wbxx_hal_cortex.o(i.__NVIC_GetPriorityGrouping) for __NVIC_GetPriorityGrouping
[...]
    rt_raise.o(.text) refers to __raise.o(.text) for __raise
    rt_raise.o(.text) refers to sys_exit.o(.text) for _sys_exit
    defsig_exit.o(.text) refers to sys_exit.o(.text) for _sys_exit
    defsig_rtmem_inner.o(.text) refers to defsig_general.o(.text) for __default_signal_display
    __raise.o(.text) refers to defsig.o(CL$$defsig) for __default_signal_handler
    defsig_general.o(.text) refers to sys_wrch.o(.text) for _ttywrch
    sys_wrch.o(.text) refers (Special) to use_no_semi.o(.text) for __I$use$semihosting
    sys_wrch.o(.text) refers (Special) to indicate_semi.o(.text) for __semihosting_library_function
    defsig.o(CL$$defsig) refers to defsig_rtmem_inner.o(.text) for __rt_SIGRTMEM_inner
    defsig_abrt_inner.o(.text) refers to defsig_general.o(.text) for __default_signal_display
    defsig_fpe_inner.o(.text) refers to defsig_general.o(.text) for __default_signal_display
    defsig_rtred_inner.o(.text) refers to defsig_general.o(.text) for __default_signal_display
    defsig_stak_inner.o(.text) refers to defsig_general.o(.text) for __default_signal_display
    defsig_pvfn_inner.o(.text) refers to defsig_general.o(.text) for __default_signal_display
    defsig_cppl_inner.o(.text) refers to defsig_general.o(.text) for __default_signal_display
    defsig_segv_inner.o(.text) refers to defsig_general.o(.text) for __default_signal_display
    defsig_other.o(.text) refers to defsig_general.o(.text) for __default_signal_display


==============================================================================

Removing Unused input sections from the image.

    Removing main.o(.rev16_text), (4 bytes).
    Removing main.o(.revsh_text), (4 bytes).
    Removing main.o(.rrx_text), (6 bytes).
    Removing stm32wbxx_it.o(.rev16_text), (4 bytes).
    Removing stm32wbxx_it.o(.revsh_text), (4 bytes).
    Removing stm32wbxx_it.o(.rrx_text), (6 bytes).
    Removing system_stm32wbxx.o(.rev16_text), (4 bytes).
    Removing system_stm32wbxx.o(.revsh_text), (4 bytes).
    Removing system_stm32wbxx.o(.rrx_text), (6 bytes).
    Removing sys.o(.rev16_text), (4 bytes).
    Removing sys.o(.revsh_text), (4 bytes).
    Removing sys.o(.rrx_text), (6 bytes).
    Removing sys.o(i.MX_GPIO_Init), (2 bytes).
    Removing stm32wbxx_hal.o(.rev16_text), (4 bytes).
    Removing stm32wbxx_hal.o(.revsh_text), (4 bytes).
    Removing stm32wbxx_hal.o(.rrx_text), (6 bytes).
    Removing stm32wbxx_hal.o(i.HAL_DBGMCU_DisableDBGSleepMode), (24 bytes).
    Removing stm32wbxx_hal.o(i.HAL_DBGMCU_DisableDBGStandbyMode), (24 bytes).
    Removing stm32wbxx_hal.o(i.HAL_DBGMCU_DisableDBGStopMode), (24 bytes).
    Removing stm32wbxx_hal.o(i.HAL_DBGMCU_EnableDBGSleepMode), (24 bytes).
    Removing stm32wbxx_hal.o(i.HAL_DBGMCU_EnableDBGStandbyMode), (24 bytes).
    Removing stm32wbxx_hal.o(i.HAL_DBGMCU_EnableDBGStopMode), (24 bytes).
    Removing stm32wbxx_hal.o(i.HAL_DeInit), (194 bytes).
    Removing stm32wbxx_hal.o(i.HAL_Delay), (40 bytes).
    Removing stm32wbxx_hal.o(i.HAL_GetDEVID), (16 bytes).
    Removing stm32wbxx_hal.o(i.HAL_GetHalVersion), (6 bytes).
    Removing stm32wbxx_hal.o(i.HAL_GetREVID), (16 bytes).
    Removing stm32wbxx_hal.o(i.HAL_GetTickFreq), (12 bytes).
    Removing stm32wbxx_hal.o(i.HAL_GetUIDw0), (12 bytes).
    Removing stm32wbxx_hal.o(i.HAL_GetUIDw1), (12 bytes).
    Removing stm32wbxx_hal.o(i.HAL_GetUIDw2), (12 bytes).
    Removing stm32wbxx_hal.o(i.HAL_Init), (48 bytes).
    Removing stm32wbxx_hal.o(i.HAL_MspDeInit), (2 bytes).
    Removing stm32wbxx_hal.o(i.HAL_MspInit), (2 bytes).
    Removing stm32wbxx_hal.o(i.HAL_ResumeTick), (18 bytes).
    Removing stm32wbxx_hal.o(i.HAL_SYSCFG_DisableIOBooster), (24 bytes).
    Removing stm32wbxx_hal.o(i.HAL_SYSCFG_DisableIOVdd), (24 bytes).
    Removing stm32wbxx_hal.o(i.HAL_SYSCFG_DisableSRAMFetch), (24 bytes).
    Removing stm32wbxx_hal.o(i.HAL_SYSCFG_DisableSecurityAccess), (28 bytes).
    Removing stm32wbxx_hal.o(i.HAL_SYSCFG_DisableVREFBUF), (24 bytes).
    Removing stm32wbxx_hal.o(i.HAL_SYSCFG_EnableIOBooster), (24 bytes).
    Removing stm32wbxx_hal.o(i.HAL_SYSCFG_EnableIOVdd), (24 bytes).
    Removing stm32wbxx_hal.o(i.HAL_SYSCFG_EnableSecurityAccess), (28 bytes).
    Removing stm32wbxx_hal.o(i.HAL_SYSCFG_EnableVREFBUF), (60 bytes).
    Removing stm32wbxx_hal.o(i.HAL_SYSCFG_IsEnabledSRAMFetch), (28 bytes).
    Removing stm32wbxx_hal.o(i.HAL_SYSCFG_IsEnabledSecurityAccess), (28 bytes).
    Removing stm32wbxx_hal.o(i.HAL_SYSCFG_SRAM2Erase), (36 bytes).
    Removing stm32wbxx_hal.o(i.HAL_SYSCFG_VREFBUF_HighImpedanceConfig), (20 bytes).
    Removing stm32wbxx_hal.o(i.HAL_SYSCFG_VREFBUF_TrimmingConfig), (16 bytes).
    Removing stm32wbxx_hal.o(i.HAL_SYSCFG_VREFBUF_VoltageScalingConfig), (24 bytes).
    Removing stm32wbxx_hal.o(i.HAL_SetTickFreq), (40 bytes).
    Removing stm32wbxx_hal.o(i.HAL_SuspendTick), (18 bytes).
    Removing stm32wbxx_hal_cortex.o(.rev16_text), (4 bytes).
    Removing stm32wbxx_hal_cortex.o(.revsh_text), (4 bytes).
    Removing stm32wbxx_hal_cortex.o(.rrx_text), (6 bytes).
    Removing stm32wbxx_hal_cortex.o(i.HAL_MPU_ConfigRegion), (92 bytes).
    Removing stm32wbxx_hal_cortex.o(i.HAL_MPU_Disable), (44 bytes).
    Removing stm32wbxx_hal_cortex.o(i.HAL_MPU_Enable), (64 bytes).
    Removing stm32wbxx_hal_cortex.o(i.HAL_NVIC_ClearPendingIRQ), (36 bytes).
    Removing stm32wbxx_hal_cortex.o(i.HAL_NVIC_DisableIRQ), (68 bytes).
    Removing stm32wbxx_hal_cortex.o(i.HAL_NVIC_EnableIRQ), (32 bytes).
    Removing stm32wbxx_hal_cortex.o(i.HAL_NVIC_GetPendingIRQ), (48 bytes).
    Removing stm32wbxx_hal_cortex.o(i.HAL_NVIC_GetPriority), (148 bytes).
    Removing stm32wbxx_hal_cortex.o(i.HAL_NVIC_GetPriorityGrouping), (8 bytes).
    Removing stm32wbxx_hal_cortex.o(i.HAL_NVIC_SetPendingIRQ), (36 bytes).
    Removing stm32wbxx_hal_cortex.o(i.HAL_NVIC_SetPriorityGrouping), (40 bytes).
    Removing stm32wbxx_hal_cortex.o(i.HAL_NVIC_SystemReset), (68 bytes).
    Removing stm32wbxx_hal_cortex.o(i.HAL_SYSTICK_CLKSourceConfig), (40 bytes).
    Removing stm32wbxx_hal_cortex.o(i.HAL_SYSTICK_Callback), (2 bytes).
    Removing stm32wbxx_hal_cortex.o(i.HAL_SYSTICK_IRQHandler), (8 bytes).
    Removing stm32wbxx_hal_dma.o(.rev16_text), (4 bytes).
    Removing stm32wbxx_hal_dma.o(.revsh_text), (4 bytes).
    Removing stm32wbxx_hal_dma.o(.rrx_text), (6 bytes).
    Removing stm32wbxx_hal_dma.o(i.DMA_CalcDMAMUXChannelBaseAndMask), (72 bytes).
    Removing stm32wbxx_hal_dma.o(i.DMA_CalcDMAMUXRequestGenBaseAndMask), (36 bytes).
    Removing stm32wbxx_hal_dma.o(i.DMA_SetConfig), (64 bytes).
    Removing stm32wbxx_hal_dma.o(i.HAL_DMA_Abort), (134 bytes).
    Removing stm32wbxx_hal_dma.o(i.HAL_DMA_Abort_IT), (132 bytes).
    Removing stm32wbxx_hal_dma.o(i.HAL_DMA_DeInit), (188 bytes).
    Removing stm32wbxx_hal_dma.o(i.HAL_DMA_GetError), (6 bytes).
    Removing stm32wbxx_hal_dma.o(i.HAL_DMA_GetState), (8 bytes).
    Removing stm32wbxx_hal_dma.o(i.HAL_DMA_IRQHandler), (254 bytes).
    Removing stm32wbxx_hal_dma.o(i.HAL_DMA_Init), (208 bytes).
    Removing stm32wbxx_hal_dma.o(i.HAL_DMA_PollForTransfer), (328 bytes).
    Removing stm32wbxx_hal_dma.o(i.HAL_DMA_RegisterCallback), (90 bytes).
    Removing stm32wbxx_hal_dma.o(i.HAL_DMA_Start), (114 bytes).
    Removing stm32wbxx_hal_dma.o(i.HAL_DMA_Start_IT), (194 bytes).
    Removing stm32wbxx_hal_dma.o(i.HAL_DMA_UnRegisterCallback), (106 bytes).
    Removing stm32wbxx_hal_gpio.o(.rev16_text), (4 bytes).
    Removing stm32wbxx_hal_gpio.o(.revsh_text), (4 bytes).
    Removing stm32wbxx_hal_gpio.o(.rrx_text), (6 bytes).
    Removing stm32wbxx_hal_gpio.o(i.HAL_GPIO_DeInit), (284 bytes).
    Removing stm32wbxx_hal_gpio.o(i.HAL_GPIO_EXTI_Callback), (2 bytes).
    Removing stm32wbxx_hal_gpio.o(i.HAL_GPIO_EXTI_IRQHandler), (28 bytes).
    Removing stm32wbxx_hal_gpio.o(i.HAL_GPIO_Init), (424 bytes).
    Removing stm32wbxx_hal_gpio.o(i.HAL_GPIO_LockPin), (46 bytes).
    Removing stm32wbxx_hal_gpio.o(i.HAL_GPIO_ReadPin), (16 bytes).
    Removing stm32wbxx_hal_gpio.o(i.HAL_GPIO_TogglePin), (14 bytes).
    Removing stm32wbxx_hal_gpio.o(i.HAL_GPIO_WritePin), (10 bytes).
    Removing stm32wbxx_hal_uart.o(.rev16_text), (4 bytes).
    Removing stm32wbxx_hal_uart.o(.revsh_text), (4 bytes).
    Removing stm32wbxx_hal_uart.o(.rrx_text), (6 bytes).
    Removing stm32wbxx_hal_usart.o(.rev16_text), (4 bytes).
    Removing stm32wbxx_hal_usart.o(.revsh_text), (4 bytes).
    Removing stm32wbxx_hal_usart.o(.rrx_text), (6 bytes).
    Removing stm32wbxx_hal_rcc.o(.rev16_text), (4 bytes).
    Removing stm32wbxx_hal_rcc.o(.revsh_text), (4 bytes).
    Removing stm32wbxx_hal_rcc.o(.rrx_text), (6 bytes).
    Removing stm32wbxx_hal_rcc.o(i.HAL_RCC_CSSCallback), (2 bytes).
    Removing stm32wbxx_hal_rcc.o(i.HAL_RCC_DeInit), (272 bytes).
    Removing stm32wbxx_hal_rcc.o(i.HAL_RCC_EnableCSS), (22 bytes).
    Removing stm32wbxx_hal_rcc.o(i.HAL_RCC_GetClockConfig), (96 bytes).
    Removing stm32wbxx_hal_rcc.o(i.HAL_RCC_GetHCLK2Freq), (36 bytes).
    Removing stm32wbxx_hal_rcc.o(i.HAL_RCC_GetHCLK4Freq), (32 bytes).
    Removing stm32wbxx_hal_rcc.o(i.HAL_RCC_GetOscConfig), (344 bytes).
    Removing stm32wbxx_hal_rcc.o(i.HAL_RCC_GetPCLK1Freq), (36 bytes).
    Removing stm32wbxx_hal_rcc.o(i.HAL_RCC_GetPCLK2Freq), (36 bytes).
    Removing stm32wbxx_hal_rcc.o(i.HAL_RCC_MCOConfig), (140 bytes).
    Removing stm32wbxx_hal_rcc.o(i.HAL_RCC_NMI_IRQHandler), (34 bytes).
    Removing stm32wbxx_hal_rcc.o(i.LL_AHB2_GRP1_EnableClock), (28 bytes).
    Removing stm32wbxx_hal_rcc_ex.o(.rev16_text), (4 bytes).
    Removing stm32wbxx_hal_rcc_ex.o(.revsh_text), (4 bytes).
    Removing stm32wbxx_hal_rcc_ex.o(.rrx_text), (6 bytes).
    Removing stm32wbxx_hal_rcc_ex.o(i.HAL_RCCEx_CRSConfig), (92 bytes).
    Removing stm32wbxx_hal_rcc_ex.o(i.HAL_RCCEx_CRSGetSynchronizationInfo), (52 bytes).
    Removing stm32wbxx_hal_rcc_ex.o(i.HAL_RCCEx_CRSSoftwareSynchronizationGenerate), (24 bytes).
    Removing stm32wbxx_hal_rcc_ex.o(i.HAL_RCCEx_CRSWaitSynchronization), (196 bytes).
    Removing stm32wbxx_hal_rcc_ex.o(i.HAL_RCCEx_CRS_ErrorCallback), (2 bytes).
    Removing stm32wbxx_hal_rcc_ex.o(i.HAL_RCCEx_CRS_ExpectedSyncCallback), (2 bytes).
    Removing stm32wbxx_hal_rcc_ex.o(i.HAL_RCCEx_CRS_IRQHandler), (160 bytes).
    Removing stm32wbxx_hal_rcc_ex.o(i.HAL_RCCEx_CRS_SyncOkCallback), (2 bytes).
    Removing stm32wbxx_hal_rcc_ex.o(i.HAL_RCCEx_CRS_SyncWarnCallback), (2 bytes).
    Removing stm32wbxx_hal_rcc_ex.o(i.HAL_RCCEx_DisableLSCO), (60 bytes).
    Removing stm32wbxx_hal_rcc_ex.o(i.HAL_RCCEx_DisableLSECSS), (36 bytes).
    Removing stm32wbxx_hal_rcc_ex.o(i.HAL_RCCEx_DisableMSIPLLMode), (22 bytes).
    Removing stm32wbxx_hal_rcc_ex.o(i.HAL_RCCEx_DisablePLLSAI1), (64 bytes).
    Removing stm32wbxx_hal_rcc_ex.o(i.HAL_RCCEx_EnableLSCO), (104 bytes).
    Removing stm32wbxx_hal_rcc_ex.o(i.HAL_RCCEx_EnableLSECSS), (8 bytes).
    Removing stm32wbxx_hal_rcc_ex.o(i.HAL_RCCEx_EnableLSECSS_IT), (64 bytes).
    Removing stm32wbxx_hal_rcc_ex.o(i.HAL_RCCEx_EnableMSIPLLMode), (22 bytes).
    Removing stm32wbxx_hal_rcc_ex.o(i.HAL_RCCEx_EnablePLLSAI1), (136 bytes).
    Removing stm32wbxx_hal_rcc_ex.o(i.HAL_RCCEx_GetPeriphCLKConfig), (256 bytes).
    Removing stm32wbxx_hal_rcc_ex.o(i.HAL_RCCEx_GetPeriphCLKFreq), (1724 bytes).
    Removing stm32wbxx_hal_rcc_ex.o(i.HAL_RCCEx_GetRngCLKSource), (36 bytes).
    Removing stm32wbxx_hal_rcc_ex.o(i.HAL_RCCEx_LSCOConfig), (172 bytes).
    Removing stm32wbxx_hal_rcc_ex.o(i.HAL_RCCEx_LSECSS_Callback), (2 bytes).
    Removing stm32wbxx_hal_rcc_ex.o(i.HAL_RCCEx_LSECSS_IRQHandler), (34 bytes).
    Removing stm32wbxx_hal_rcc_ex.o(i.HAL_RCCEx_TrimOsc), (72 bytes).
    Removing stm32wbxx_hal_rcc_ex.o(i.HAL_RCCEx_WakeUpStopCLKConfig), (24 bytes).
    Removing stm32wbxx_hal_rcc_ex.o(i.LL_AHB2_GRP1_EnableClock), (28 bytes).
    Removing stm32wbxx_hal_rcc_ex.o(i.LL_RCC_GetADCClockSource), (16 bytes).
    Removing stm32wbxx_hal_rcc_ex.o(i.LL_RCC_GetAHBPrescaler), (12 bytes).
    Removing stm32wbxx_hal_rcc_ex.o(i.LL_RCC_GetAPB1Prescaler), (12 bytes).
    Removing stm32wbxx_hal_rcc_ex.o(i.LL_RCC_GetCLK48ClockSource), (16 bytes).
    Removing stm32wbxx_hal_rcc_ex.o(i.LL_RCC_GetI2CClockSource), (20 bytes).
    Removing stm32wbxx_hal_rcc_ex.o(i.LL_RCC_GetLPTIMClockSource), (20 bytes).
    Removing stm32wbxx_hal_rcc_ex.o(i.LL_RCC_GetLPUARTClockSource), (16 bytes).
    Removing stm32wbxx_hal_rcc_ex.o(i.LL_RCC_GetSAIClockSource), (16 bytes).
    Removing stm32wbxx_hal_rcc_ex.o(i.LL_RCC_GetUSARTClockSource), (16 bytes).
    Removing stm32wbxx_hal_rcc_ex.o(i.LL_RCC_GetUSBClockSource), (12 bytes).
    Removing stm32wbxx_hal_rcc_ex.o(i.LL_RCC_HSE_IsEnabledDiv2), (12 bytes).
    Removing stm32wbxx_hal_rcc_ex.o(i.LL_RCC_HSI48_IsReady), (16 bytes).
    Removing stm32wbxx_hal_rcc_ex.o(i.LL_RCC_HSI_IsReady), (12 bytes).
    Removing stm32wbxx_hal_rcc_ex.o(i.LL_RCC_LSE_EnableCSS), (24 bytes).
    Removing stm32wbxx_hal_rcc_ex.o(i.LL_RCC_LSI1_IsReady), (16 bytes).
    Removing stm32wbxx_hal_rcc_ex.o(i.LL_RCC_LSI2_IsReady), (16 bytes).
    Removing stm32wbxx_hal_rcc_ex.o(i.LL_RCC_MSI_GetRange), (18 bytes).
    Removing stm32wbxx_hal_rcc_ex.o(i.LL_RCC_MSI_IsReady), (12 bytes).
    Removing stm32wbxx_hal_rcc_ex.o(i.LL_RCC_PLLSAI1_GetN), (12 bytes).
    Removing stm32wbxx_hal_rcc_ex.o(i.LL_RCC_PLL_GetDivider), (12 bytes).
    Removing stm32wbxx_hal_rcc_ex.o(i.LL_RCC_PLL_GetMainSource), (12 bytes).
    Removing stm32wbxx_hal_rcc_ex.o(i.LL_RCC_PLL_GetN), (12 bytes).
    Removing stm32wbxx_hal_rcc_ex.o(i.LL_RCC_PLL_IsReady), (12 bytes).
    Removing stm32wbxx_hal_rcc_ex.o(i.RCC_PLLSAI1_GetFreqDomain_P), (132 bytes).
    Removing stm32wbxx_hal_rcc_ex.o(i.RCC_PLLSAI1_GetFreqDomain_Q), (132 bytes).
    Removing stm32wbxx_hal_rcc_ex.o(i.RCC_PLLSAI1_GetFreqDomain_R), (128 bytes).
    Removing stm32wbxx_hal_rcc_ex.o(i.RCC_PLL_GetFreqDomain_P), (132 bytes).
    Removing stm32wbxx_hal_rcc_ex.o(i.RCC_PLL_GetFreqDomain_Q), (132 bytes).
    Removing stm32wbxx_hal_pwr.o(.rev16_text), (4 bytes).
    Removing stm32wbxx_hal_pwr.o(.revsh_text), (4 bytes).
    Removing stm32wbxx_hal_pwr.o(.rrx_text), (6 bytes).
    Removing stm32wbxx_hal_pwr.o(i.HAL_PWR_ConfigPVD), (184 bytes).
    Removing stm32wbxx_hal_pwr.o(i.HAL_PWR_DeInit), (128 bytes).
    Removing stm32wbxx_hal_pwr.o(i.HAL_PWR_DisableBkUpAccess), (20 bytes).
    Removing stm32wbxx_hal_pwr.o(i.HAL_PWR_DisablePVD), (20 bytes).
    Removing stm32wbxx_hal_pwr.o(i.HAL_PWR_DisableSEVOnPend), (20 bytes).
    Removing stm32wbxx_hal_pwr.o(i.HAL_PWR_DisableSleepOnExit), (20 bytes).
    Removing stm32wbxx_hal_pwr.o(i.HAL_PWR_DisableWakeUpPin), (20 bytes).
    Removing stm32wbxx_hal_pwr.o(i.HAL_PWR_EnablePVD), (20 bytes).
    Removing stm32wbxx_hal_pwr.o(i.HAL_PWR_EnableSEVOnPend), (20 bytes).
    Removing stm32wbxx_hal_pwr.o(i.HAL_PWR_EnableSleepOnExit), (20 bytes).
    Removing stm32wbxx_hal_pwr.o(i.HAL_PWR_EnableWakeUpPin), (40 bytes).
    Removing stm32wbxx_hal_pwr.o(i.HAL_PWR_EnterSLEEPMode), (84 bytes).
    Removing stm32wbxx_hal_pwr.o(i.HAL_PWR_EnterSTANDBYMode), (52 bytes).
    Removing stm32wbxx_hal_pwr.o(i.HAL_PWR_EnterSTOPMode), (28 bytes).
    Removing stm32wbxx_hal_pwr.o(i.HAL_PWR_PVDCallback), (2 bytes).
    Removing stm32wbxx_hal_pwr_ex.o(.rev16_text), (4 bytes).
    Removing stm32wbxx_hal_pwr_ex.o(.revsh_text), (4 bytes).
    Removing stm32wbxx_hal_pwr_ex.o(.rrx_text), (6 bytes).
    Removing stm32wbxx_hal_pwr_ex.o(i.HAL_PWREx_ClearWakeupFlag), (44 bytes).
    Removing stm32wbxx_hal_pwr_ex.o(i.HAL_PWREx_ConfigPVM), (412 bytes).
    Removing stm32wbxx_hal_pwr_ex.o(i.HAL_PWREx_ConfigSMPS), (96 bytes).
    Removing stm32wbxx_hal_pwr_ex.o(i.HAL_PWREx_ControlVoltageScaling), (144 bytes).
    Removing stm32wbxx_hal_pwr_ex.o(i.HAL_PWREx_Disable802ActivityIT), (20 bytes).
    Removing stm32wbxx_hal_pwr_ex.o(i.HAL_PWREx_DisableBLEActivityIT), (20 bytes).
    Removing stm32wbxx_hal_pwr_ex.o(i.HAL_PWREx_DisableBORH_SMPSBypassIT), (20 bytes).
    Removing stm32wbxx_hal_pwr_ex.o(i.HAL_PWREx_DisableBatteryCharging), (20 bytes).
    Removing stm32wbxx_hal_pwr_ex.o(i.HAL_PWREx_DisableFlashPowerDown), (16 bytes).
    Removing stm32wbxx_hal_pwr_ex.o(i.HAL_PWREx_DisableGPIOPullDown), (136 bytes).
    Removing stm32wbxx_hal_pwr_ex.o(i.HAL_PWREx_DisableGPIOPullUp), (136 bytes).
    Removing stm32wbxx_hal_pwr_ex.o(i.HAL_PWREx_DisableHOLDC2IT), (20 bytes).
    Removing stm32wbxx_hal_pwr_ex.o(i.HAL_PWREx_DisableInternalWakeUpLine), (20 bytes).
    Removing stm32wbxx_hal_pwr_ex.o(i.HAL_PWREx_DisableLowPowerRunMode), (88 bytes).
    Removing stm32wbxx_hal_pwr_ex.o(i.HAL_PWREx_DisablePVM1), (20 bytes).
    Removing stm32wbxx_hal_pwr_ex.o(i.HAL_PWREx_DisablePVM3), (20 bytes).
    Removing stm32wbxx_hal_pwr_ex.o(i.HAL_PWREx_DisablePullUpPullDownConfig), (20 bytes).
    Removing stm32wbxx_hal_pwr_ex.o(i.HAL_PWREx_DisableRFPhaseIT), (20 bytes).
    Removing stm32wbxx_hal_pwr_ex.o(i.HAL_PWREx_DisableSRAMRetention), (24 bytes).
    Removing stm32wbxx_hal_pwr_ex.o(i.HAL_PWREx_DisableVddUSB), (20 bytes).
    Removing stm32wbxx_hal_pwr_ex.o(i.HAL_PWREx_Enable802ActivityIT), (20 bytes).
    Removing stm32wbxx_hal_pwr_ex.o(i.HAL_PWREx_EnableBLEActivityIT), (20 bytes).
    Removing stm32wbxx_hal_pwr_ex.o(i.HAL_PWREx_EnableBORH_SMPSBypassIT), (20 bytes).
    Removing stm32wbxx_hal_pwr_ex.o(i.HAL_PWREx_EnableBatteryCharging), (32 bytes).
    Removing stm32wbxx_hal_pwr_ex.o(i.HAL_PWREx_EnableFlashPowerDown), (32 bytes).
    Removing stm32wbxx_hal_pwr_ex.o(i.HAL_PWREx_EnableGPIOPullDown), (208 bytes).
    Removing stm32wbxx_hal_pwr_ex.o(i.HAL_PWREx_EnableGPIOPullUp), (208 bytes).
    Removing stm32wbxx_hal_pwr_ex.o(i.HAL_PWREx_EnableHOLDC2IT), (20 bytes).
    Removing stm32wbxx_hal_pwr_ex.o(i.HAL_PWREx_EnableInternalWakeUpLine), (20 bytes).
    Removing stm32wbxx_hal_pwr_ex.o(i.HAL_PWREx_EnableLowPowerRunMode), (20 bytes).
    Removing stm32wbxx_hal_pwr_ex.o(i.HAL_PWREx_EnablePVM1), (20 bytes).
    Removing stm32wbxx_hal_pwr_ex.o(i.HAL_PWREx_EnablePVM3), (20 bytes).
    Removing stm32wbxx_hal_pwr_ex.o(i.HAL_PWREx_EnablePullUpPullDownConfig), (20 bytes).
    Removing stm32wbxx_hal_pwr_ex.o(i.HAL_PWREx_EnableRFPhaseIT), (20 bytes).
    Removing stm32wbxx_hal_pwr_ex.o(i.HAL_PWREx_EnableSRAMRetention), (24 bytes).
    Removing stm32wbxx_hal_pwr_ex.o(i.HAL_PWREx_EnableVddUSB), (20 bytes).
    Removing stm32wbxx_hal_pwr_ex.o(i.HAL_PWREx_EnableWakeUpPin), (68 bytes).
    Removing stm32wbxx_hal_pwr_ex.o(i.HAL_PWREx_EnterSHUTDOWNMode), (52 bytes).
    Removing stm32wbxx_hal_pwr_ex.o(i.HAL_PWREx_EnterSTOP0Mode), (60 bytes).
    Removing stm32wbxx_hal_pwr_ex.o(i.HAL_PWREx_EnterSTOP1Mode), (64 bytes).
    Removing stm32wbxx_hal_pwr_ex.o(i.HAL_PWREx_EnterSTOP2Mode), (64 bytes).
    Removing stm32wbxx_hal_pwr_ex.o(i.HAL_PWREx_GetBORConfig), (16 bytes).
    Removing stm32wbxx_hal_pwr_ex.o(i.HAL_PWREx_GetWakeupFlag), (24 bytes).
    Removing stm32wbxx_hal_pwr_ex.o(i.HAL_PWREx_HoldCore), (24 bytes).
    Removing stm32wbxx_hal_pwr_ex.o(i.HAL_PWREx_PVD_PVM_IRQHandler), (76 bytes).
    Removing stm32wbxx_hal_pwr_ex.o(i.HAL_PWREx_PVM1Callback), (2 bytes).
    Removing stm32wbxx_hal_pwr_ex.o(i.HAL_PWREx_PVM3Callback), (2 bytes).
    Removing stm32wbxx_hal_pwr_ex.o(i.HAL_PWREx_ReleaseCore), (24 bytes).
    Removing stm32wbxx_hal_pwr_ex.o(i.HAL_PWREx_SMPS_GetEffectiveMode), (16 bytes).
    Removing stm32wbxx_hal_pwr_ex.o(i.HAL_PWREx_SMPS_SetMode), (28 bytes).
    Removing stm32wbxx_hal_pwr_ex.o(i.HAL_PWREx_SetBORConfig), (24 bytes).
    Removing stm32wbxx_hal_pwr_ex.o(i.LL_EXTI_ClearFlag_0_31), (12 bytes).
    Removing stm32wbxx_hal_pwr_ex.o(i.LL_EXTI_ReadFlag_0_31), (16 bytes).
    Removing stm32wbxx_hal_tim.o(.rev16_text), (4 bytes).
    Removing stm32wbxx_hal_tim.o(.revsh_text), (4 bytes).
    Removing stm32wbxx_hal_tim.o(.rrx_text), (6 bytes).
    Removing stm32wbxx_hal_tim_ex.o(.rev16_text), (4 bytes).
    Removing stm32wbxx_hal_tim_ex.o(.revsh_text), (4 bytes).
    Removing stm32wbxx_hal_tim_ex.o(.rrx_text), (6 bytes).
    Removing stm32wbxx_hal_flash.o(.rev16_text), (4 bytes).
    Removing stm32wbxx_hal_flash.o(.revsh_text), (4 bytes).
    Removing stm32wbxx_hal_flash.o(.rrx_text), (6 bytes).
    Removing stm32wbxx_hal_flash.o(i.FLASH_Program_DoubleWord), (40 bytes).
    Removing stm32wbxx_hal_flash.o(i.FLASH_Program_Fast), (80 bytes).
    Removing stm32wbxx_hal_flash.o(i.FLASH_WaitForLastOperation), (164 bytes).
    Removing stm32wbxx_hal_flash.o(i.HAL_FLASH_EndOfOperationCallback), (2 bytes).
    Removing stm32wbxx_hal_flash.o(i.HAL_FLASH_GetError), (12 bytes).
    Removing stm32wbxx_hal_flash.o(i.HAL_FLASH_IRQHandler), (272 bytes).
    Removing stm32wbxx_hal_flash.o(i.HAL_FLASH_Lock), (32 bytes).
    Removing stm32wbxx_hal_flash.o(i.HAL_FLASH_OB_Launch), (20 bytes).
    Removing stm32wbxx_hal_flash.o(i.HAL_FLASH_OB_Lock), (32 bytes).
    Removing stm32wbxx_hal_flash.o(i.HAL_FLASH_OB_Unlock), (48 bytes).
    Removing stm32wbxx_hal_flash.o(i.HAL_FLASH_OperationErrorCallback), (2 bytes).
    Removing stm32wbxx_hal_flash.o(i.HAL_FLASH_Program), (120 bytes).
    Removing stm32wbxx_hal_flash.o(i.HAL_FLASH_Program_IT), (136 bytes).
    Removing stm32wbxx_hal_flash.o(i.HAL_FLASH_Unlock), (48 bytes).
    Removing stm32wbxx_hal_flash.o(.bss), (24 bytes).
    Removing stm32wbxx_hal_flash_ex.o(.rev16_text), (4 bytes).
    Removing stm32wbxx_hal_flash_ex.o(.revsh_text), (4 bytes).
    Removing stm32wbxx_hal_flash_ex.o(.rrx_text), (6 bytes).
    Removing stm32wbxx_hal_flash_ex.o(i.FLASH_AcknowledgePageErase), (20 bytes).
    Removing stm32wbxx_hal_flash_ex.o(i.FLASH_FlushCaches), (128 bytes).
    Removing stm32wbxx_hal_flash_ex.o(i.FLASH_MassErase), (24 bytes).
    Removing stm32wbxx_hal_flash_ex.o(i.FLASH_OB_GetC2BootResetConfig), (64 bytes).
    Removing stm32wbxx_hal_flash_ex.o(i.FLASH_OB_GetIPCCBufferAddr), (24 bytes).
    Removing stm32wbxx_hal_flash_ex.o(i.FLASH_OB_GetPCROP), (96 bytes).
    Removing stm32wbxx_hal_flash_ex.o(i.FLASH_OB_GetRDP), (28 bytes).
    Removing stm32wbxx_hal_flash_ex.o(i.FLASH_OB_GetSecureMemoryConfig), (76 bytes).
    Removing stm32wbxx_hal_flash_ex.o(i.FLASH_OB_GetUser), (24 bytes).
    Removing stm32wbxx_hal_flash_ex.o(i.FLASH_OB_GetWRP), (48 bytes).
    Removing stm32wbxx_hal_flash_ex.o(i.FLASH_OB_IPCCBufferAddrConfig), (20 bytes).
    Removing stm32wbxx_hal_flash_ex.o(i.FLASH_OB_OptrConfig), (28 bytes).
    Removing stm32wbxx_hal_flash_ex.o(i.FLASH_OB_PCROP1AConfig), (56 bytes).
    Removing stm32wbxx_hal_flash_ex.o(i.FLASH_OB_PCROP1BConfig), (28 bytes).
    Removing stm32wbxx_hal_flash_ex.o(i.FLASH_OB_ProceedWriteOperation), (44 bytes).
    Removing stm32wbxx_hal_flash_ex.o(i.FLASH_OB_SecureConfig), (180 bytes).
    Removing stm32wbxx_hal_flash_ex.o(i.FLASH_OB_WRPConfig), (48 bytes).
    Removing stm32wbxx_hal_flash_ex.o(i.FLASH_PageErase), (32 bytes).
    Removing stm32wbxx_hal_flash_ex.o(i.HAL_FLASHEx_AllowOperation), (20 bytes).
    Removing stm32wbxx_hal_flash_ex.o(i.HAL_FLASHEx_Erase), (144 bytes).
    Removing stm32wbxx_hal_flash_ex.o(i.HAL_FLASHEx_Erase_IT), (120 bytes).
    Removing stm32wbxx_hal_flash_ex.o(i.HAL_FLASHEx_FlashEmptyCheck), (16 bytes).
    Removing stm32wbxx_hal_flash_ex.o(i.HAL_FLASHEx_ForceFlashEmpty), (20 bytes).
    Removing stm32wbxx_hal_flash_ex.o(i.HAL_FLASHEx_IsOperationSuspended), (24 bytes).
    Removing stm32wbxx_hal_flash_ex.o(i.HAL_FLASHEx_OBGetConfig), (112 bytes).
    Removing stm32wbxx_hal_flash_ex.o(i.HAL_FLASHEx_OBProgram), (220 bytes).
    Removing stm32wbxx_hal_flash_ex.o(i.HAL_FLASHEx_SuspendOperation), (20 bytes).
    Removing stm32wbxx_hal_hsem.o(.rev16_text), (4 bytes).
    Removing stm32wbxx_hal_hsem.o(.revsh_text), (4 bytes).
    Removing stm32wbxx_hal_hsem.o(.rrx_text), (6 bytes).

309 unused section(s) (total 16222 bytes) removed from the image.

==============================================================================

Image Symbol Table

    Local Symbols

    Symbol Name                              Value     Ov Type        Size  Object(Section)

    ../clib/angel/boardlib.s                 0x00000000   Number         0  boardinit1.o ABSOLUTE
    ../clib/angel/boardlib.s                 0x00000000   Number         0  boardinit3.o ABSOLUTE
    ../clib/angel/boardlib.s                 0x00000000   Number         0  boardshut.o ABSOLUTE
    ../clib/angel/boardlib.s                 0x00000000   Number         0  boardinit2.o ABSOLUTE
    ../clib/angel/handlers.s                 0x00000000   Number         0  __scatter_zi.o ABSOLUTE
    ../clib/angel/handlers.s                 0x00000000   Number         0  __scatter_copy.o ABSOLUTE
    ../clib/angel/kernel.s                   0x00000000   Number         0  __rtentry4.o ABSOLUTE
    ../clib/angel/kernel.s                   0x00000000   Number         0  __rtentry2.o ABSOLUTE
    ../clib/angel/kernel.s                   0x00000000   Number         0  __rtentry.o ABSOLUTE
    ../clib/angel/kernel.s                   0x00000000   Number         0  rtexit2.o ABSOLUTE
    ../clib/angel/kernel.s                   0x00000000   Number         0  rtexit.o ABSOLUTE
    ../clib/angel/rt.s                       0x00000000   Number         0  rt_raise.o ABSOLUTE
    ../clib/angel/scatter.s                  0x00000000   Number         0  __scatter.o ABSOLUTE
    ../clib/angel/startup.s                  0x00000000   Number         0  __main.o ABSOLUTE
    ../clib/angel/sys.s                      0x00000000   Number         0  indicate_semi.o ABSOLUTE
    ../clib/angel/sys.s                      0x00000000   Number         0  use_no_semi.o ABSOLUTE
    ../clib/angel/sys.s                      0x00000000   Number         0  sys_stackheap_outer.o ABSOLUTE
    ../clib/angel/sys.s                      0x00000000   Number         0  libspace.o ABSOLUTE
    ../clib/angel/sysapp.c                   0x00000000   Number         0  sys_command.o ABSOLUTE
    ../clib/angel/sysapp.c                   0x00000000   Number         0  sys_wrch.o ABSOLUTE
    ../clib/angel/sysapp.c                   0x00000000   Number         0  sys_exit.o ABSOLUTE
    ../clib/armsys.c                         0x00000000   Number         0  _get_argv_nomalloc.o ABSOLUTE
    ../clib/armsys.c                         0x00000000   Number         0  argv_veneer.o ABSOLUTE
    ../clib/armsys.c                         0x00000000   Number         0  argv_veneer.o ABSOLUTE
    ../clib/armsys.c                         0x00000000   Number         0  no_argv.o ABSOLUTE
    ../clib/heapalloc.c                      0x00000000   Number         0  hrguard.o ABSOLUTE
    ../clib/heapaux.c                        0x00000000   Number         0  heapauxi.o ABSOLUTE
    ../clib/libinit.s                        0x00000000   Number         0  libshutdown.o ABSOLUTE
    ../clib/libinit.s                        0x00000000   Number         0  libinit2.o ABSOLUTE
    ../clib/libinit.s                        0x00000000   Number         0  libinit.o ABSOLUTE
    ../clib/libinit.s                        0x00000000   Number         0  libshutdown2.o ABSOLUTE
    ../clib/memcpset.s                       0x00000000   Number         0  rt_memclr_w.o ABSOLUTE
    ../clib/signal.c                         0x00000000   Number         0  defsig_stak_inner.o ABSOLUTE
    ../clib/signal.c                         0x00000000   Number         0  defsig_rtred_inner.o ABSOLUTE
    ../clib/signal.c                         0x00000000   Number         0  defsig_fpe_inner.o ABSOLUTE
    ../clib/signal.c                         0x00000000   Number         0  defsig_abrt_inner.o ABSOLUTE
    ../clib/signal.c                         0x00000000   Number         0  defsig_general.o ABSOLUTE
    ../clib/signal.c                         0x00000000   Number         0  defsig_other.o ABSOLUTE
    ../clib/signal.c                         0x00000000   Number         0  defsig_segv_inner.o ABSOLUTE
    ../clib/signal.c                         0x00000000   Number         0  defsig_rtmem_inner.o ABSOLUTE
    ../clib/signal.c                         0x00000000   Number         0  defsig_cppl_inner.o ABSOLUTE
    ../clib/signal.c                         0x00000000   Number         0  __raise.o ABSOLUTE
    ../clib/signal.c                         0x00000000   Number         0  defsig_pvfn_inner.o ABSOLUTE
    ../clib/signal.c                         0x00000000   Number         0  defsig_exit.o ABSOLUTE
    ../clib/signal.c                         0x00000000   Number         0  defsig_rtmem_outer.o ABSOLUTE
    ../clib/signal.c                         0x00000000   Number         0  defsig_rtmem_formal.o ABSOLUTE
    ../clib/signal.s                         0x00000000   Number         0  defsig.o ABSOLUTE
    ../clib/stdlib.c                         0x00000000   Number         0  exit.o ABSOLUTE
    ../fplib/fpinit.s                        0x00000000   Number         0  fpinit.o ABSOLUTE
    ..\..\Drivers\STM32WBxx_HAL_Driver\Src\stm32wbxx_hal.c 0x00000000   Number         0  stm32wbxx_hal.o ABSOLUTE
    ..\..\Drivers\STM32WBxx_HAL_Driver\Src\stm32wbxx_hal_cortex.c 0x00000000   Number         0  stm32wbxx_hal_cortex.o ABSOLUTE
    ..\..\Drivers\STM32WBxx_HAL_Driver\Src\stm32wbxx_hal_dma.c 0x00000000   Number         0  stm32wbxx_hal_dma.o ABSOLUTE
    ..\..\Drivers\STM32WBxx_HAL_Driver\Src\stm32wbxx_hal_flash.c 0x00000000   Number         0  stm32wbxx_hal_flash.o ABSOLUTE
    ..\..\Drivers\STM32WBxx_HAL_Driver\Src\stm32wbxx_hal_flash_ex.c 0x00000000   Number         0  stm32wbxx_hal_flash_ex.o ABSOLUTE
    ..\..\Drivers\STM32WBxx_HAL_Driver\Src\stm32wbxx_hal_gpio.c 0x00000000   Number         0  stm32wbxx_hal_gpio.o ABSOLUTE
    ..\..\Drivers\STM32WBxx_HAL_Driver\Src\stm32wbxx_hal_hsem.c 0x00000000   Number         0  stm32wbxx_hal_hsem.o ABSOLUTE
    ..\..\Drivers\STM32WBxx_HAL_Driver\Src\stm32wbxx_hal_pwr.c 0x00000000   Number         0  stm32wbxx_hal_pwr.o ABSOLUTE
    ..\..\Drivers\STM32WBxx_HAL_Driver\Src\stm32wbxx_hal_pwr_ex.c 0x00000000   Number         0  stm32wbxx_hal_pwr_ex.o ABSOLUTE
    ..\..\Drivers\STM32WBxx_HAL_Driver\Src\stm32wbxx_hal_rcc.c 0x00000000   Number         0  stm32wbxx_hal_rcc.o ABSOLUTE
    ..\..\Drivers\STM32WBxx_HAL_Driver\Src\stm32wbxx_hal_rcc_ex.c 0x00000000   Number         0  stm32wbxx_hal_rcc_ex.o ABSOLUTE
    ..\..\Drivers\STM32WBxx_HAL_Driver\Src\stm32wbxx_hal_tim.c 0x00000000   Number         0  stm32wbxx_hal_tim.o ABSOLUTE
    ..\..\Drivers\STM32WBxx_HAL_Driver\Src\stm32wbxx_hal_tim_ex.c 0x00000000   Number         0  stm32wbxx_hal_tim_ex.o ABSOLUTE
    ..\..\Drivers\STM32WBxx_HAL_Driver\Src\stm32wbxx_hal_uart.c 0x00000000   Number         0  stm32wbxx_hal_uart.o ABSOLUTE
    ..\..\Drivers\STM32WBxx_HAL_Driver\Src\stm32wbxx_hal_usart.c 0x00000000   Number         0  stm32wbxx_hal_usart.o ABSOLUTE
    ..\..\Drivers\STM32WBxx_HAL_Driver\Src\stm32wbxx_ll_rcc.c 0x00000000   Number         0  stm32wbxx_ll_rcc.o ABSOLUTE
    ..\..\Drivers\SYSTEM\sys.c               0x00000000   Number         0  sys.o ABSOLUTE
    ..\..\User\main.c                        0x00000000   Number         0  main.o ABSOLUTE
    ..\..\User\stm32wbxx_it.c                0x00000000   Number         0  stm32wbxx_it.o ABSOLUTE
    ..\..\User\system_stm32wbxx.c            0x00000000   Number         0  system_stm32wbxx.o ABSOLUTE
    ..\\..\\Drivers\\STM32WBxx_HAL_Driver\\Src\\stm32wbxx_hal.c 0x00000000   Number         0  stm32wbxx_hal.o ABSOLUTE
    ..\\..\\Drivers\\STM32WBxx_HAL_Driver\\Src\\stm32wbxx_hal_cortex.c 0x00000000   Number         0  stm32wbxx_hal_cortex.o ABSOLUTE
    ..\\..\\Drivers\\STM32WBxx_HAL_Driver\\Src\\stm32wbxx_hal_dma.c 0x00000000   Number         0  stm32wbxx_hal_dma.o ABSOLUTE
    ..\\..\\Drivers\\STM32WBxx_HAL_Driver\\Src\\stm32wbxx_hal_flash.c 0x00000000   Number         0  stm32wbxx_hal_flash.o ABSOLUTE
    ..\\..\\Drivers\\STM32WBxx_HAL_Driver\\Src\\stm32wbxx_hal_flash_ex.c 0x00000000   Number         0  stm32wbxx_hal_flash_ex.o ABSOLUTE
    ..\\..\\Drivers\\STM32WBxx_HAL_Driver\\Src\\stm32wbxx_hal_gpio.c 0x00000000   Number         0  stm32wbxx_hal_gpio.o ABSOLUTE
    ..\\..\\Drivers\\STM32WBxx_HAL_Driver\\Src\\stm32wbxx_hal_hsem.c 0x00000000   Number         0  stm32wbxx_hal_hsem.o ABSOLUTE
    ..\\..\\Drivers\\STM32WBxx_HAL_Driver\\Src\\stm32wbxx_hal_pwr.c 0x00000000   Number         0  stm32wbxx_hal_pwr.o ABSOLUTE
    ..\\..\\Drivers\\STM32WBxx_HAL_Driver\\Src\\stm32wbxx_hal_pwr_ex.c 0x00000000   Number         0  stm32wbxx_hal_pwr_ex.o ABSOLUTE
    ..\\..\\Drivers\\STM32WBxx_HAL_Driver\\Src\\stm32wbxx_hal_rcc.c 0x00000000   Number         0  stm32wbxx_hal_rcc.o ABSOLUTE
    ..\\..\\Drivers\\STM32WBxx_HAL_Driver\\Src\\stm32wbxx_hal_rcc_ex.c 0x00000000   Number         0  stm32wbxx_hal_rcc_ex.o ABSOLUTE
    ..\\..\\Drivers\\STM32WBxx_HAL_Driver\\Src\\stm32wbxx_hal_tim.c 0x00000000   Number         0  stm32wbxx_hal_tim.o ABSOLUTE
    ..\\..\\Drivers\\STM32WBxx_HAL_Driver\\Src\\stm32wbxx_hal_tim_ex.c 0x00000000   Number         0  stm32wbxx_hal_tim_ex.o ABSOLUTE
    ..\\..\\Drivers\\STM32WBxx_HAL_Driver\\Src\\stm32wbxx_hal_uart.c 0x00000000   Number         0  stm32wbxx_hal_uart.o ABSOLUTE
    ..\\..\\Drivers\\STM32WBxx_HAL_Driver\\Src\\stm32wbxx_hal_usart.c 0x00000000   Number         0  stm32wbxx_hal_usart.o ABSOLUTE
    ..\\..\\Drivers\\SYSTEM\\sys.c           0x00000000   Number         0  sys.o ABSOLUTE
    ..\\..\\User\\main.c                     0x00000000   Number         0  main.o ABSOLUTE
    ..\\..\\User\\stm32wbxx_it.c             0x00000000   Number         0  stm32wbxx_it.o ABSOLUTE
    ..\\..\\User\\system_stm32wbxx.c         0x00000000   Number         0  system_stm32wbxx.o ABSOLUTE
    dc.s                                     0x00000000   Number         0  dc.o ABSOLUTE
    startup_stm32wb55xx_cm4.s                0x00000000   Number         0  startup_stm32wb55xx_cm4.o ABSOLUTE
    RESET                                    0x08000000   Section      316  startup_stm32wb55xx_cm4.o(RESET)
    !!!main                                  0x0800013c   Section        8  __main.o(!!!main)
    !!!scatter                               0x08000144   Section       52  __scatter.o(!!!scatter)
    !!handler_copy                           0x08000178   Section       26  __scatter_copy.o(!!handler_copy)
    !!handler_zi                             0x08000194   Section       28  __scatter_zi.o(!!handler_zi)
    .ARM.Collect$$libinit$$00000000          0x080001b0   Section        2  libinit.o(.ARM.Collect$$libinit$$00000000)
    .ARM.Collect$$libinit$$00000001          0x080001b2   Section        4  libinit2.o(.ARM.Collect$$libinit$$00000001)
    .ARM.Collect$$libinit$$00000004          0x080001b6   Section        0  libinit2.o(.ARM.Collect$$libinit$$00000004)
    .ARM.Collect$$libinit$$0000000A          0x080001b6   Section        0  libinit2.o(.ARM.Collect$$libinit$$0000000A)
    .ARM.Collect$$libinit$$0000000C          0x080001b6   Section        0  libinit2.o(.ARM.Collect$$libinit$$0000000C)
    .ARM.Collect$$libinit$$0000000E          0x080001b6   Section        0  libinit2.o(.ARM.Collect$$libinit$$0000000E)
    .ARM.Collect$$libinit$$00000011          0x080001b6   Section        0  libinit2.o(.ARM.Collect$$libinit$$00000011)
    .ARM.Collect$$libinit$$00000013          0x080001b6   Section        0  libinit2.o(.ARM.Collect$$libinit$$00000013)
    .ARM.Collect$$libinit$$00000015          0x080001b6   Section        0  libinit2.o(.ARM.Collect$$libinit$$00000015)
    .ARM.Collect$$libinit$$00000017          0x080001b6   Section        0  libinit2.o(.ARM.Collect$$libinit$$00000017)
    .ARM.Collect$$libinit$$00000019          0x080001b6   Section        0  libinit2.o(.ARM.Collect$$libinit$$00000019)
    .ARM.Collect$$libinit$$0000001B          0x080001b6   Section        0  libinit2.o(.ARM.Collect$$libinit$$0000001B)
    .ARM.Collect$$libinit$$0000001D          0x080001b6   Section        0  libinit2.o(.ARM.Collect$$libinit$$0000001D)
    .ARM.Collect$$libinit$$0000001F          0x080001b6   Section        0  libinit2.o(.ARM.Collect$$libinit$$0000001F)
    .ARM.Collect$$libinit$$00000021          0x080001b6   Section        0  libinit2.o(.ARM.Collect$$libinit$$00000021)
    .ARM.Collect$$libinit$$00000023          0x080001b6   Section        0  libinit2.o(.ARM.Collect$$libinit$$00000023)
    .ARM.Collect$$libinit$$00000025          0x080001b6   Section        0  libinit2.o(.ARM.Collect$$libinit$$00000025)
    .ARM.Collect$$libinit$$0000002C          0x080001b6   Section        0  libinit2.o(.ARM.Collect$$libinit$$0000002C)
    .ARM.Collect$$libinit$$0000002E          0x080001b6   Section        0  libinit2.o(.ARM.Collect$$libinit$$0000002E)
    .ARM.Collect$$libinit$$00000030          0x080001b6   Section        0  libinit2.o(.ARM.Collect$$libinit$$00000030)
    .ARM.Collect$$libinit$$00000032          0x080001b6   Section        0  libinit2.o(.ARM.Collect$$libinit$$00000032)
    .ARM.Collect$$libinit$$00000033          0x080001b6   Section        2  libinit2.o(.ARM.Collect$$libinit$$00000033)
    .ARM.Collect$$libshutdown$$00000000      0x080001b8   Section        2  libshutdown.o(.ARM.Collect$$libshutdown$$00000000)
    .ARM.Collect$$libshutdown$$00000003      0x080001ba   Section        0  libshutdown2.o(.ARM.Collect$$libshutdown$$00000003)
    .ARM.Collect$$libshutdown$$00000006      0x080001ba   Section        0  libshutdown2.o(.ARM.Collect$$libshutdown$$00000006)
    .ARM.Collect$$libshutdown$$00000009      0x080001ba   Section        0  libshutdown2.o(.ARM.Collect$$libshutdown$$00000009)
    .ARM.Collect$$libshutdown$$0000000B      0x080001ba   Section        0  libshutdown2.o(.ARM.Collect$$libshutdown$$0000000B)
    .ARM.Collect$$libshutdown$$0000000E      0x080001ba   Section        0  libshutdown2.o(.ARM.Collect$$libshutdown$$0000000E)
    .ARM.Collect$$libshutdown$$0000000F      0x080001ba   Section        2  libshutdown2.o(.ARM.Collect$$libshutdown$$0000000F)
    .ARM.Collect$$rtentry$$00000000          0x080001bc   Section        0  __rtentry.o(.ARM.Collect$$rtentry$$00000000)
    .ARM.Collect$$rtentry$$00000002          0x080001bc   Section        0  __rtentry2.o(.ARM.Collect$$rtentry$$00000002)
    .ARM.Collect$$rtentry$$00000004          0x080001bc   Section        6  __rtentry4.o(.ARM.Collect$$rtentry$$00000004)
    .ARM.Collect$$rtentry$$00000009          0x080001c2   Section        0  __rtentry2.o(.ARM.Collect$$rtentry$$00000009)
    .ARM.Collect$$rtentry$$0000000A          0x080001c2   Section        4  __rtentry2.o(.ARM.Collect$$rtentry$$0000000A)
    .ARM.Collect$$rtentry$$0000000C          0x080001c6   Section        0  __rtentry2.o(.ARM.Collect$$rtentry$$0000000C)
    .ARM.Collect$$rtentry$$0000000D          0x080001c6   Section        8  __rtentry2.o(.ARM.Collect$$rtentry$$0000000D)
    .ARM.Collect$$rtexit$$00000000           0x080001ce   Section        2  rtexit.o(.ARM.Collect$$rtexit$$00000000)
    .ARM.Collect$$rtexit$$00000002           0x080001d0   Section        0  rtexit2.o(.ARM.Collect$$rtexit$$00000002)
    .ARM.Collect$$rtexit$$00000003           0x080001d0   Section        4  rtexit2.o(.ARM.Collect$$rtexit$$00000003)
    .ARM.Collect$$rtexit$$00000004           0x080001d4   Section        6  rtexit2.o(.ARM.Collect$$rtexit$$00000004)
    .text                                    0x080001dc   Section       64  startup_stm32wb55xx_cm4.o(.text)
    $v0                                      0x080001dc   Number         0  startup_stm32wb55xx_cm4.o(.text)
    .text                                    0x0800021c   Section       78  rt_memclr_w.o(.text)
    .text                                    0x0800026a   Section        0  heapauxi.o(.text)
    .text                                    0x08000270   Section       74  sys_stackheap_outer.o(.text)
    .text                                    0x080002ba   Section        0  exit.o(.text)
    .text                                    0x080002c8   Section        8  libspace.o(.text)
    .text                                    0x080002d0   Section        0  sys_exit.o(.text)
    .text                                    0x080002dc   Section        2  use_no_semi.o(.text)
    .text                                    0x080002de   Section        0  indicate_semi.o(.text)
    i.BusFault_Handler                       0x080002de   Section        0  stm32wbxx_it.o(i.BusFault_Handler)
    i.DebugMon_Handler                       0x080002e2   Section        0  stm32wbxx_it.o(i.DebugMon_Handler)
    i.Error_Handler                          0x080002e4   Section        0  sys.o(i.Error_Handler)
    i.HAL_GetTick                            0x080002ec   Section        0  stm32wbxx_hal.o(i.HAL_GetTick)
    i.HAL_GetTickPrio                        0x080002f8   Section        0  stm32wbxx_hal.o(i.HAL_GetTickPrio)
    i.HAL_IncTick                            0x08000304   Section        0  stm32wbxx_hal.o(i.HAL_IncTick)
    i.HAL_InitTick                           0x0800031c   Section        0  stm32wbxx_hal.o(i.HAL_InitTick)
    i.HAL_NVIC_SetPriority                   0x08000370   Section        0  stm32wbxx_hal_cortex.o(i.HAL_NVIC_SetPriority)
    i.HAL_PWREx_GetVoltageRange              0x080003ec   Section        0  stm32wbxx_hal_pwr_ex.o(i.HAL_PWREx_GetVoltageRange)
    i.HAL_PWR_EnableBkUpAccess               0x080003fc   Section        0  stm32wbxx_hal_pwr.o(i.HAL_PWR_EnableBkUpAccess)
    i.HAL_RCCEx_PeriphCLKConfig              0x08000410   Section        0  stm32wbxx_hal_rcc_ex.o(i.HAL_RCCEx_PeriphCLKConfig)
    i.HAL_RCC_ClockConfig                    0x08000704   Section        0  stm32wbxx_hal_rcc.o(i.HAL_RCC_ClockConfig)
    i.HAL_RCC_GetHCLKFreq                    0x08000980   Section        0  stm32wbxx_hal_rcc.o(i.HAL_RCC_GetHCLKFreq)
    i.HAL_RCC_GetSysClockFreq                0x080009a4   Section        0  stm32wbxx_hal_rcc.o(i.HAL_RCC_GetSysClockFreq)
    i.HAL_RCC_OscConfig                      0x08000a54   Section        0  stm32wbxx_hal_rcc.o(i.HAL_RCC_OscConfig)
    i.HAL_SYSTICK_Config                     0x08001090   Section        0  stm32wbxx_hal_cortex.o(i.HAL_SYSTICK_Config)
    i.HardFault_Handler                      0x080010c4   Section        0  stm32wbxx_it.o(i.HardFault_Handler)
    i.LL_RCC_GetAHB4Prescaler                0x080010c8   Section        0  stm32wbxx_hal_rcc.o(i.LL_RCC_GetAHB4Prescaler)
    LL_RCC_GetAHB4Prescaler                  0x080010c9   Thumb Code    10  stm32wbxx_hal_rcc.o(i.LL_RCC_GetAHB4Prescaler)
    i.LL_RCC_GetSysClkSource                 0x080010d8   Section        0  stm32wbxx_hal_rcc.o(i.LL_RCC_GetSysClkSource)
    LL_RCC_GetSysClkSource                   0x080010d9   Thumb Code    12  stm32wbxx_hal_rcc.o(i.LL_RCC_GetSysClkSource)
    i.LL_RCC_HSE_DisableBypass               0x080010e4   Section        0  stm32wbxx_hal_rcc.o(i.LL_RCC_HSE_DisableBypass)
    LL_RCC_HSE_DisableBypass                 0x080010e5   Thumb Code    18  stm32wbxx_hal_rcc.o(i.LL_RCC_HSE_DisableBypass)
    i.LL_RCC_HSE_Enable                      0x080010f6   Section        0  stm32wbxx_hal_rcc.o(i.LL_RCC_HSE_Enable)
    LL_RCC_HSE_Enable                        0x080010f7   Thumb Code    18  stm32wbxx_hal_rcc.o(i.LL_RCC_HSE_Enable)
    i.LL_RCC_HSE_IsEnabledDiv2               0x08001108   Section        0  stm32wbxx_hal_rcc.o(i.LL_RCC_HSE_IsEnabledDiv2)
    LL_RCC_HSE_IsEnabledDiv2                 0x08001109   Thumb Code    12  stm32wbxx_hal_rcc.o(i.LL_RCC_HSE_IsEnabledDiv2)
    i.LL_RCC_HSE_IsReady                     0x08001114   Section        0  stm32wbxx_hal_rcc.o(i.LL_RCC_HSE_IsReady)
    LL_RCC_HSE_IsReady                       0x08001115   Thumb Code    12  stm32wbxx_hal_rcc.o(i.LL_RCC_HSE_IsReady)
    i.LL_RCC_HSI48_IsReady                   0x08001120   Section        0  stm32wbxx_hal_rcc.o(i.LL_RCC_HSI48_IsReady)
    LL_RCC_HSI48_IsReady                     0x08001121   Thumb Code    10  stm32wbxx_hal_rcc.o(i.LL_RCC_HSI48_IsReady)
    i.LL_RCC_HSI_IsReady                     0x08001130   Section        0  stm32wbxx_hal_rcc.o(i.LL_RCC_HSI_IsReady)
    LL_RCC_HSI_IsReady                       0x08001131   Thumb Code    12  stm32wbxx_hal_rcc.o(i.LL_RCC_HSI_IsReady)
    i.LL_RCC_HSI_SetCalibTrimming            0x0800113c   Section        0  stm32wbxx_hal_rcc.o(i.LL_RCC_HSI_SetCalibTrimming)
    LL_RCC_HSI_SetCalibTrimming              0x0800113d   Thumb Code    22  stm32wbxx_hal_rcc.o(i.LL_RCC_HSI_SetCalibTrimming)
    i.LL_RCC_LSE_Enable                      0x08001154   Section        0  stm32wbxx_hal_rcc.o(i.LL_RCC_LSE_Enable)
    LL_RCC_LSE_Enable                        0x08001155   Thumb Code    18  stm32wbxx_hal_rcc.o(i.LL_RCC_LSE_Enable)
    i.LL_RCC_LSE_IsReady                     0x0800116c   Section        0  stm32wbxx_hal_rcc.o(i.LL_RCC_LSE_IsReady)
    LL_RCC_LSE_IsReady                       0x0800116d   Thumb Code    10  stm32wbxx_hal_rcc.o(i.LL_RCC_LSE_IsReady)
    i.LL_RCC_LSE_IsReady                     0x0800117c   Section        0  stm32wbxx_hal_rcc_ex.o(i.LL_RCC_LSE_IsReady)
    LL_RCC_LSE_IsReady                       0x0800117d   Thumb Code    10  stm32wbxx_hal_rcc_ex.o(i.LL_RCC_LSE_IsReady)
    i.LL_RCC_LSI1_Disable                    0x0800118c   Section        0  stm32wbxx_hal_rcc.o(i.LL_RCC_LSI1_Disable)
    LL_RCC_LSI1_Disable                      0x0800118d   Thumb Code    18  stm32wbxx_hal_rcc.o(i.LL_RCC_LSI1_Disable)
    i.LL_RCC_LSI1_Enable                     0x080011a4   Section        0  stm32wbxx_hal_rcc.o(i.LL_RCC_LSI1_Enable)
    LL_RCC_LSI1_Enable                       0x080011a5   Thumb Code    18  stm32wbxx_hal_rcc.o(i.LL_RCC_LSI1_Enable)
    i.LL_RCC_LSI1_IsReady                    0x080011bc   Section        0  stm32wbxx_hal_rcc.o(i.LL_RCC_LSI1_IsReady)
    LL_RCC_LSI1_IsReady                      0x080011bd   Thumb Code    10  stm32wbxx_hal_rcc.o(i.LL_RCC_LSI1_IsReady)
    i.LL_RCC_LSI2_Disable                    0x080011cc   Section        0  stm32wbxx_hal_rcc.o(i.LL_RCC_LSI2_Disable)
    LL_RCC_LSI2_Disable                      0x080011cd   Thumb Code    18  stm32wbxx_hal_rcc.o(i.LL_RCC_LSI2_Disable)
    i.LL_RCC_LSI2_IsReady                    0x080011e4   Section        0  stm32wbxx_hal_rcc.o(i.LL_RCC_LSI2_IsReady)
    LL_RCC_LSI2_IsReady                      0x080011e5   Thumb Code    10  stm32wbxx_hal_rcc.o(i.LL_RCC_LSI2_IsReady)
    i.LL_RCC_MSI_Enable                      0x080011f4   Section        0  stm32wbxx_hal_rcc.o(i.LL_RCC_MSI_Enable)
    LL_RCC_MSI_Enable                        0x080011f5   Thumb Code    18  stm32wbxx_hal_rcc.o(i.LL_RCC_MSI_Enable)
    i.LL_RCC_MSI_GetRange                    0x08001206   Section        0  stm32wbxx_hal_rcc.o(i.LL_RCC_MSI_GetRange)
    LL_RCC_MSI_GetRange                      0x08001207   Thumb Code    18  stm32wbxx_hal_rcc.o(i.LL_RCC_MSI_GetRange)
    i.LL_RCC_MSI_IsReady                     0x08001218   Section        0  stm32wbxx_hal_rcc.o(i.LL_RCC_MSI_IsReady)
    LL_RCC_MSI_IsReady                       0x08001219   Thumb Code    12  stm32wbxx_hal_rcc.o(i.LL_RCC_MSI_IsReady)
    i.LL_RCC_MSI_SetCalibTrimming            0x08001224   Section        0  stm32wbxx_hal_rcc.o(i.LL_RCC_MSI_SetCalibTrimming)
    LL_RCC_MSI_SetCalibTrimming              0x08001225   Thumb Code    22  stm32wbxx_hal_rcc.o(i.LL_RCC_MSI_SetCalibTrimming)
    i.LL_RCC_MSI_SetRange                    0x0800123a   Section        0  stm32wbxx_hal_rcc.o(i.LL_RCC_MSI_SetRange)
    LL_RCC_MSI_SetRange                      0x0800123b   Thumb Code    20  stm32wbxx_hal_rcc.o(i.LL_RCC_MSI_SetRange)
    i.LL_RCC_PLLSAI1_Disable                 0x0800124e   Section        0  stm32wbxx_hal_rcc_ex.o(i.LL_RCC_PLLSAI1_Disable)
    LL_RCC_PLLSAI1_Disable                   0x0800124f   Thumb Code    18  stm32wbxx_hal_rcc_ex.o(i.LL_RCC_PLLSAI1_Disable)
    i.LL_RCC_PLLSAI1_Enable                  0x08001260   Section        0  stm32wbxx_hal_rcc_ex.o(i.LL_RCC_PLLSAI1_Enable)
    LL_RCC_PLLSAI1_Enable                    0x08001261   Thumb Code    18  stm32wbxx_hal_rcc_ex.o(i.LL_RCC_PLLSAI1_Enable)
    i.LL_RCC_PLLSAI1_IsReady                 0x08001272   Section        0  stm32wbxx_hal_rcc_ex.o(i.LL_RCC_PLLSAI1_IsReady)
    LL_RCC_PLLSAI1_IsReady                   0x08001273   Thumb Code    12  stm32wbxx_hal_rcc_ex.o(i.LL_RCC_PLLSAI1_IsReady)
    i.LL_RCC_PLL_Disable                     0x0800127e   Section        0  stm32wbxx_hal_rcc.o(i.LL_RCC_PLL_Disable)
    LL_RCC_PLL_Disable                       0x0800127f   Thumb Code    18  stm32wbxx_hal_rcc.o(i.LL_RCC_PLL_Disable)
    i.LL_RCC_PLL_GetMainSource               0x08001290   Section        0  stm32wbxx_hal_rcc.o(i.LL_RCC_PLL_GetMainSource)
    LL_RCC_PLL_GetMainSource                 0x08001291   Thumb Code    12  stm32wbxx_hal_rcc.o(i.LL_RCC_PLL_GetMainSource)
    i.LL_RCC_PLL_GetN                        0x0800129c   Section        0  stm32wbxx_hal_rcc.o(i.LL_RCC_PLL_GetN)
    LL_RCC_PLL_GetN                          0x0800129d   Thumb Code    12  stm32wbxx_hal_rcc.o(i.LL_RCC_PLL_GetN)
    i.LL_RCC_PLL_IsReady                     0x080012a8   Section        0  stm32wbxx_hal_rcc.o(i.LL_RCC_PLL_IsReady)
    LL_RCC_PLL_IsReady                       0x080012a9   Thumb Code    12  stm32wbxx_hal_rcc.o(i.LL_RCC_PLL_IsReady)
    i.LL_RCC_SetCLK48ClockSource             0x080012b4   Section        0  stm32wbxx_hal_rcc_ex.o(i.LL_RCC_SetCLK48ClockSource)
    LL_RCC_SetCLK48ClockSource               0x080012b5   Thumb Code    20  stm32wbxx_hal_rcc_ex.o(i.LL_RCC_SetCLK48ClockSource)
    i.LL_RCC_SetI2CClockSource               0x080012cc   Section        0  stm32wbxx_hal_rcc_ex.o(i.LL_RCC_SetI2CClockSource)
    LL_RCC_SetI2CClockSource                 0x080012cd   Thumb Code    34  stm32wbxx_hal_rcc_ex.o(i.LL_RCC_SetI2CClockSource)
    i.LL_RCC_SetLPTIMClockSource             0x080012f4   Section        0  stm32wbxx_hal_rcc_ex.o(i.LL_RCC_SetLPTIMClockSource)
    LL_RCC_SetLPTIMClockSource               0x080012f5   Thumb Code    24  stm32wbxx_hal_rcc_ex.o(i.LL_RCC_SetLPTIMClockSource)
    i.LL_RCC_SetRNGClockSource               0x08001310   Section        0  stm32wbxx_hal_rcc_ex.o(i.LL_RCC_SetRNGClockSource)
    LL_RCC_SetRNGClockSource                 0x08001311   Thumb Code    20  stm32wbxx_hal_rcc_ex.o(i.LL_RCC_SetRNGClockSource)
    i.MemManage_Handler                      0x08001328   Section        0  stm32wbxx_it.o(i.MemManage_Handler)
    i.NMI_Handler                            0x0800132c   Section        0  stm32wbxx_it.o(i.NMI_Handler)
    i.PendSV_Handler                         0x08001330   Section        0  stm32wbxx_it.o(i.PendSV_Handler)
    i.PeriphCommonClock_Config               0x08001332   Section        0  sys.o(i.PeriphCommonClock_Config)
    i.RCCEx_PLLSAI1_ConfigNP                 0x0800135c   Section        0  stm32wbxx_hal_rcc_ex.o(i.RCCEx_PLLSAI1_ConfigNP)
    RCCEx_PLLSAI1_ConfigNP                   0x0800135d   Thumb Code   142  stm32wbxx_hal_rcc_ex.o(i.RCCEx_PLLSAI1_ConfigNP)
    i.RCCEx_PLLSAI1_ConfigNQ                 0x080013ea   Section        0  stm32wbxx_hal_rcc_ex.o(i.RCCEx_PLLSAI1_ConfigNQ)
    RCCEx_PLLSAI1_ConfigNQ                   0x080013eb   Thumb Code   142  stm32wbxx_hal_rcc_ex.o(i.RCCEx_PLLSAI1_ConfigNQ)
    i.RCCEx_PLLSAI1_ConfigNR                 0x08001478   Section        0  stm32wbxx_hal_rcc_ex.o(i.RCCEx_PLLSAI1_ConfigNR)
    RCCEx_PLLSAI1_ConfigNR                   0x08001479   Thumb Code   142  stm32wbxx_hal_rcc_ex.o(i.RCCEx_PLLSAI1_ConfigNR)
    i.RCC_SetFlashLatency                    0x08001508   Section        0  stm32wbxx_hal_rcc.o(i.RCC_SetFlashLatency)
    RCC_SetFlashLatency                      0x08001509   Thumb Code   168  stm32wbxx_hal_rcc.o(i.RCC_SetFlashLatency)
    i.RCC_SetFlashLatencyFromMSIRange        0x080015b8   Section        0  stm32wbxx_hal_rcc.o(i.RCC_SetFlashLatencyFromMSIRange)
    RCC_SetFlashLatencyFromMSIRange          0x080015b9   Thumb Code    68  stm32wbxx_hal_rcc.o(i.RCC_SetFlashLatencyFromMSIRange)
    i.SVC_Handler                            0x08001608   Section        0  stm32wbxx_it.o(i.SVC_Handler)
    i.SysTick_Handler                        0x0800160a   Section        0  stm32wbxx_it.o(i.SysTick_Handler)
    i.SystemClock_Config                     0x08001614   Section        0  sys.o(i.SystemClock_Config)
    i.SystemCoreClockUpdate                  0x080016b0   Section        0  system_stm32wbxx.o(i.SystemCoreClockUpdate)
    i.SystemInit                             0x08001780   Section        0  system_stm32wbxx.o(i.SystemInit)
    i.UsageFault_Handler                     0x080017f8   Section        0  stm32wbxx_it.o(i.UsageFault_Handler)
    i.__NVIC_GetPriorityGrouping             0x080017fc   Section        0  stm32wbxx_hal_cortex.o(i.__NVIC_GetPriorityGrouping)
    __NVIC_GetPriorityGrouping               0x080017fd   Thumb Code    10  stm32wbxx_hal_cortex.o(i.__NVIC_GetPriorityGrouping)
    i.__NVIC_SetPriority                     0x0800180c   Section        0  stm32wbxx_hal_cortex.o(i.__NVIC_SetPriority)
    __NVIC_SetPriority                       0x0800180d   Thumb Code    32  stm32wbxx_hal_cortex.o(i.__NVIC_SetPriority)
    i.main                                   0x08001834   Section        0  main.o(i.main)
    x$fpl$fpinit                             0x08001840   Section       10  fpinit.o(x$fpl$fpinit)
    $v0                                      0x08001840   Number         0  fpinit.o(x$fpl$fpinit)
    .constdata                               0x0800184c   Section      256  system_stm32wbxx.o(.constdata)
    .constdata                               0x0800194c   Section       44  stm32wbxx_hal_rcc.o(.constdata)
    .data                                    0x20000000   Section        4  system_stm32wbxx.o(.data)
    .data                                    0x20000004   Section       12  stm32wbxx_hal.o(.data)
    .bss                                     0x20000010   Section       96  libspace.o(.bss)
    HEAP                                     0x20000070   Section      512  startup_stm32wb55xx_cm4.o(HEAP)
    Heap_Mem                                 0x20000070   Data         512  startup_stm32wb55xx_cm4.o(HEAP)
    STACK                                    0x20000270   Section     1024  startup_stm32wb55xx_cm4.o(STACK)
    Stack_Mem                                0x20000270   Data        1024  startup_stm32wb55xx_cm4.o(STACK)
    __initial_sp                             0x20000670   Data           0  startup_stm32wb55xx_cm4.o(STACK)

    Global Symbols

    Symbol Name                              Value     Ov Type        Size  Object(Section)

    BuildAttributes$$THM_ISAv4$E$P$D$K$B$S$7EM$VFPi3$EXTD16$VFPS$VFMA$PE$A:L22UL41UL21$X:L11$S22US41US21$IEEE1$IW$USESV6$~STKCKD$USESV7$~SHL$OSPACE$ROPI$EBA8$UX$STANDARDLIB$REQ8$PRES8$EABIv2 0x00000000   Number         0  anon$$obj.o ABSOLUTE
    __ARM_use_no_argv                        0x00000000   Number         0  main.o ABSOLUTE
    __ARM_exceptions_init                     - Undefined Weak Reference
    __alloca_initialize                       - Undefined Weak Reference
    __arm_preinit_                            - Undefined Weak Reference
    __cpp_initialize__aeabi_                  - Undefined Weak Reference
    __cxa_finalize                            - Undefined Weak Reference
    __rt_locale                               - Undefined Weak Reference
    __sigvec_lookup                           - Undefined Weak Reference
    _atexit_init                              - Undefined Weak Reference
    _call_atexit_fns                          - Undefined Weak Reference
    _clock_init                               - Undefined Weak Reference
    _fp_trap_init                             - Undefined Weak Reference
    _fp_trap_shutdown                         - Undefined Weak Reference
    _get_lc_collate                           - Undefined Weak Reference
    _get_lc_ctype                             - Undefined Weak Reference
    _get_lc_monetary                          - Undefined Weak Reference
    _get_lc_numeric                           - Undefined Weak Reference
    _get_lc_time                              - Undefined Weak Reference
    _getenv_init                              - Undefined Weak Reference
    _handle_redirection                       - Undefined Weak Reference
    _init_alloc                               - Undefined Weak Reference
    _init_user_alloc                          - Undefined Weak Reference
    _initio                                   - Undefined Weak Reference
    _rand_init                                - Undefined Weak Reference
    _signal_finish                            - Undefined Weak Reference
    _signal_init                              - Undefined Weak Reference
    _terminate_alloc                          - Undefined Weak Reference
    _terminate_user_alloc                     - Undefined Weak Reference
    _terminateio                              - Undefined Weak Reference
    __Vectors_Size                           0x0000013c   Number         0  startup_stm32wb55xx_cm4.o ABSOLUTE
    __Vectors                                0x08000000   Data           4  startup_stm32wb55xx_cm4.o(RESET)
    __Vectors_End                            0x0800013c   Data           0  startup_stm32wb55xx_cm4.o(RESET)
    __main                                   0x0800013d   Thumb Code     8  __main.o(!!!main)
    __scatterload                            0x08000145   Thumb Code     0  __scatter.o(!!!scatter)
    __scatterload_rt2                        0x08000145   Thumb Code    44  __scatter.o(!!!scatter)
    __scatterload_rt2_thumb_only             0x08000145   Thumb Code     0  __scatter.o(!!!scatter)
    __scatterload_null                       0x08000153   Thumb Code     0  __scatter.o(!!!scatter)
    __scatterload_copy                       0x08000179   Thumb Code    26  __scatter_copy.o(!!handler_copy)
    __scatterload_zeroinit                   0x08000195   Thumb Code    28  __scatter_zi.o(!!handler_zi)
    __rt_lib_init                            0x080001b1   Thumb Code     0  libinit.o(.ARM.Collect$$libinit$$00000000)
    __rt_lib_init_fp_1                       0x080001b3   Thumb Code     0  libinit2.o(.ARM.Collect$$libinit$$00000001)
    __rt_lib_init_alloca_1                   0x080001b7   Thumb Code     0  libinit2.o(.ARM.Collect$$libinit$$0000002E)
    __rt_lib_init_argv_1                     0x080001b7   Thumb Code     0  libinit2.o(.ARM.Collect$$libinit$$0000002C)
    __rt_lib_init_atexit_1                   0x080001b7   Thumb Code     0  libinit2.o(.ARM.Collect$$libinit$$0000001B)
    __rt_lib_init_clock_1                    0x080001b7   Thumb Code     0  libinit2.o(.ARM.Collect$$libinit$$00000021)
    __rt_lib_init_cpp_1                      0x080001b7   Thumb Code     0  libinit2.o(.ARM.Collect$$libinit$$00000032)
    __rt_lib_init_exceptions_1               0x080001b7   Thumb Code     0  libinit2.o(.ARM.Collect$$libinit$$00000030)
    __rt_lib_init_fp_trap_1                  0x080001b7   Thumb Code     0  libinit2.o(.ARM.Collect$$libinit$$0000001F)
    __rt_lib_init_getenv_1                   0x080001b7   Thumb Code     0  libinit2.o(.ARM.Collect$$libinit$$00000023)
    __rt_lib_init_heap_1                     0x080001b7   Thumb Code     0  libinit2.o(.ARM.Collect$$libinit$$0000000A)
    __rt_lib_init_lc_collate_1               0x080001b7   Thumb Code     0  libinit2.o(.ARM.Collect$$libinit$$00000011)
    __rt_lib_init_lc_ctype_1                 0x080001b7   Thumb Code     0  libinit2.o(.ARM.Collect$$libinit$$00000013)
    __rt_lib_init_lc_monetary_1              0x080001b7   Thumb Code     0  libinit2.o(.ARM.Collect$$libinit$$00000015)
    __rt_lib_init_lc_numeric_1               0x080001b7   Thumb Code     0  libinit2.o(.ARM.Collect$$libinit$$00000017)
    __rt_lib_init_lc_time_1                  0x080001b7   Thumb Code     0  libinit2.o(.ARM.Collect$$libinit$$00000019)
    __rt_lib_init_preinit_1                  0x080001b7   Thumb Code     0  libinit2.o(.ARM.Collect$$libinit$$00000004)
    __rt_lib_init_rand_1                     0x080001b7   Thumb Code     0  libinit2.o(.ARM.Collect$$libinit$$0000000E)
    __rt_lib_init_return                     0x080001b7   Thumb Code     0  libinit2.o(.ARM.Collect$$libinit$$00000033)
    __rt_lib_init_signal_1                   0x080001b7   Thumb Code     0  libinit2.o(.ARM.Collect$$libinit$$0000001D)
    __rt_lib_init_stdio_1                    0x080001b7   Thumb Code     0  libinit2.o(.ARM.Collect$$libinit$$00000025)
    __rt_lib_init_user_alloc_1               0x080001b7   Thumb Code     0  libinit2.o(.ARM.Collect$$libinit$$0000000C)
    __rt_lib_shutdown                        0x080001b9   Thumb Code     0  libshutdown.o(.ARM.Collect$$libshutdown$$00000000)
    __rt_lib_shutdown_fp_trap_1              0x080001bb   Thumb Code     0  libshutdown2.o(.ARM.Collect$$libshutdown$$00000006)
    __rt_lib_shutdown_heap_1                 0x080001bb   Thumb Code     0  libshutdown2.o(.ARM.Collect$$libshutdown$$0000000E)
    __rt_lib_shutdown_return                 0x080001bb   Thumb Code     0  libshutdown2.o(.ARM.Collect$$libshutdown$$0000000F)
    __rt_lib_shutdown_signal_1               0x080001bb   Thumb Code     0  libshutdown2.o(.ARM.Collect$$libshutdown$$00000009)
    __rt_lib_shutdown_stdio_1                0x080001bb   Thumb Code     0  libshutdown2.o(.ARM.Collect$$libshutdown$$00000003)
    __rt_lib_shutdown_user_alloc_1           0x080001bb   Thumb Code     0  libshutdown2.o(.ARM.Collect$$libshutdown$$0000000B)
    __rt_entry                               0x080001bd   Thumb Code     0  __rtentry.o(.ARM.Collect$$rtentry$$00000000)
    __rt_entry_presh_1                       0x080001bd   Thumb Code     0  __rtentry2.o(.ARM.Collect$$rtentry$$00000002)
    __rt_entry_sh                            0x080001bd   Thumb Code     0  __rtentry4.o(.ARM.Collect$$rtentry$$00000004)
    __rt_entry_li                            0x080001c3   Thumb Code     0  __rtentry2.o(.ARM.Collect$$rtentry$$0000000A)
    __rt_entry_postsh_1                      0x080001c3   Thumb Code     0  __rtentry2.o(.ARM.Collect$$rtentry$$00000009)
    __rt_entry_main                          0x080001c7   Thumb Code     0  __rtentry2.o(.ARM.Collect$$rtentry$$0000000D)
    __rt_entry_postli_1                      0x080001c7   Thumb Code     0  __rtentry2.o(.ARM.Collect$$rtentry$$0000000C)
    __rt_exit                                0x080001cf   Thumb Code     0  rtexit.o(.ARM.Collect$$rtexit$$00000000)
    __rt_exit_ls                             0x080001d1   Thumb Code     0  rtexit2.o(.ARM.Collect$$rtexit$$00000003)
    __rt_exit_prels_1                        0x080001d1   Thumb Code     0  rtexit2.o(.ARM.Collect$$rtexit$$00000002)
    __rt_exit_exit                           0x080001d5   Thumb Code     0  rtexit2.o(.ARM.Collect$$rtexit$$00000004)
    Reset_Handler                            0x080001dd   Thumb Code     8  startup_stm32wb55xx_cm4.o(.text)
    ADC1_IRQHandler                          0x080001f7   Thumb Code     0  startup_stm32wb55xx_cm4.o(.text)
    AES1_IRQHandler                          0x080001f7   Thumb Code     0  startup_stm32wb55xx_cm4.o(.text)
    AES2_IRQHandler                          0x080001f7   Thumb Code     0  startup_stm32wb55xx_cm4.o(.text)
    C2SEV_PWR_C2H_IRQHandler                 0x080001f7   Thumb Code     0  startup_stm32wb55xx_cm4.o(.text)
    COMP_IRQHandler                          0x080001f7   Thumb Code     0  startup_stm32wb55xx_cm4.o(.text)
    CRS_IRQHandler                           0x080001f7   Thumb Code     0  startup_stm32wb55xx_cm4.o(.text)
    DMA1_Channel1_IRQHandler                 0x080001f7   Thumb Code     0  startup_stm32wb55xx_cm4.o(.text)
    DMA1_Channel2_IRQHandler                 0x080001f7   Thumb Code     0  startup_stm32wb55xx_cm4.o(.text)
    DMA1_Channel3_IRQHandler                 0x080001f7   Thumb Code     0  startup_stm32wb55xx_cm4.o(.text)
    DMA1_Channel4_IRQHandler                 0x080001f7   Thumb Code     0  startup_stm32wb55xx_cm4.o(.text)
    DMA1_Channel5_IRQHandler                 0x080001f7   Thumb Code     0  startup_stm32wb55xx_cm4.o(.text)
    DMA1_Channel6_IRQHandler                 0x080001f7   Thumb Code     0  startup_stm32wb55xx_cm4.o(.text)
    DMA1_Channel7_IRQHandler                 0x080001f7   Thumb Code     0  startup_stm32wb55xx_cm4.o(.text)
    DMA2_Channel1_IRQHandler                 0x080001f7   Thumb Code     0  startup_stm32wb55xx_cm4.o(.text)
    DMA2_Channel2_IRQHandler                 0x080001f7   Thumb Code     0  startup_stm32wb55xx_cm4.o(.text)
    DMA2_Channel3_IRQHandler                 0x080001f7   Thumb Code     0  startup_stm32wb55xx_cm4.o(.text)
    DMA2_Channel4_IRQHandler                 0x080001f7   Thumb Code     0  startup_stm32wb55xx_cm4.o(.text)
    DMA2_Channel5_IRQHandler                 0x080001f7   Thumb Code     0  startup_stm32wb55xx_cm4.o(.text)
    DMA2_Channel6_IRQHandler                 0x080001f7   Thumb Code     0  startup_stm32wb55xx_cm4.o(.text)
    DMA2_Channel7_IRQHandler                 0x080001f7   Thumb Code     0  startup_stm32wb55xx_cm4.o(.text)
    DMAMUX1_OVR_IRQHandler                   0x080001f7   Thumb Code     0  startup_stm32wb55xx_cm4.o(.text)
    EXTI0_IRQHandler                         0x080001f7   Thumb Code     0  startup_stm32wb55xx_cm4.o(.text)
    EXTI15_10_IRQHandler                     0x080001f7   Thumb Code     0  startup_stm32wb55xx_cm4.o(.text)
    EXTI1_IRQHandler                         0x080001f7   Thumb Code     0  startup_stm32wb55xx_cm4.o(.text)
    EXTI2_IRQHandler                         0x080001f7   Thumb Code     0  startup_stm32wb55xx_cm4.o(.text)
    EXTI3_IRQHandler                         0x080001f7   Thumb Code     0  startup_stm32wb55xx_cm4.o(.text)
    EXTI4_IRQHandler                         0x080001f7   Thumb Code     0  startup_stm32wb55xx_cm4.o(.text)
    EXTI9_5_IRQHandler                       0x080001f7   Thumb Code     0  startup_stm32wb55xx_cm4.o(.text)
    FLASH_IRQHandler                         0x080001f7   Thumb Code     0  startup_stm32wb55xx_cm4.o(.text)
    FPU_IRQHandler                           0x080001f7   Thumb Code     0  startup_stm32wb55xx_cm4.o(.text)
    HSEM_IRQHandler                          0x080001f7   Thumb Code     0  startup_stm32wb55xx_cm4.o(.text)
    I2C1_ER_IRQHandler                       0x080001f7   Thumb Code     0  startup_stm32wb55xx_cm4.o(.text)
    I2C1_EV_IRQHandler                       0x080001f7   Thumb Code     0  startup_stm32wb55xx_cm4.o(.text)
    I2C3_ER_IRQHandler                       0x080001f7   Thumb Code     0  startup_stm32wb55xx_cm4.o(.text)
    I2C3_EV_IRQHandler                       0x080001f7   Thumb Code     0  startup_stm32wb55xx_cm4.o(.text)
    IPCC_C1_RX_IRQHandler                    0x080001f7   Thumb Code     0  startup_stm32wb55xx_cm4.o(.text)
    IPCC_C1_TX_IRQHandler                    0x080001f7   Thumb Code     0  startup_stm32wb55xx_cm4.o(.text)
    LCD_IRQHandler                           0x080001f7   Thumb Code     0  startup_stm32wb55xx_cm4.o(.text)
    LPTIM1_IRQHandler                        0x080001f7   Thumb Code     0  startup_stm32wb55xx_cm4.o(.text)
    LPTIM2_IRQHandler                        0x080001f7   Thumb Code     0  startup_stm32wb55xx_cm4.o(.text)
    LPUART1_IRQHandler                       0x080001f7   Thumb Code     0  startup_stm32wb55xx_cm4.o(.text)
    PKA_IRQHandler                           0x080001f7   Thumb Code     0  startup_stm32wb55xx_cm4.o(.text)
    PVD_PVM_IRQHandler                       0x080001f7   Thumb Code     0  startup_stm32wb55xx_cm4.o(.text)
    PWR_SOTF_BLEACT_802ACT_RFPHASE_IRQHandler 0x080001f7   Thumb Code     0  startup_stm32wb55xx_cm4.o(.text)
    QUADSPI_IRQHandler                       0x080001f7   Thumb Code     0  startup_stm32wb55xx_cm4.o(.text)
    RCC_IRQHandler                           0x080001f7   Thumb Code     0  startup_stm32wb55xx_cm4.o(.text)
    RNG_IRQHandler                           0x080001f7   Thumb Code     0  startup_stm32wb55xx_cm4.o(.text)
    RTC_Alarm_IRQHandler                     0x080001f7   Thumb Code     0  startup_stm32wb55xx_cm4.o(.text)
    RTC_WKUP_IRQHandler                      0x080001f7   Thumb Code     0  startup_stm32wb55xx_cm4.o(.text)
    SAI1_IRQHandler                          0x080001f7   Thumb Code     0  startup_stm32wb55xx_cm4.o(.text)
    SPI1_IRQHandler                          0x080001f7   Thumb Code     0  startup_stm32wb55xx_cm4.o(.text)
    SPI2_IRQHandler                          0x080001f7   Thumb Code     0  startup_stm32wb55xx_cm4.o(.text)
    TAMP_STAMP_LSECSS_IRQHandler             0x080001f7   Thumb Code     0  startup_stm32wb55xx_cm4.o(.text)
    TIM1_BRK_IRQHandler                      0x080001f7   Thumb Code     0  startup_stm32wb55xx_cm4.o(.text)
    TIM1_CC_IRQHandler                       0x080001f7   Thumb Code     0  startup_stm32wb55xx_cm4.o(.text)
    TIM1_TRG_COM_TIM17_IRQHandler            0x080001f7   Thumb Code     0  startup_stm32wb55xx_cm4.o(.text)
    TIM1_UP_TIM16_IRQHandler                 0x080001f7   Thumb Code     0  startup_stm32wb55xx_cm4.o(.text)
    TIM2_IRQHandler                          0x080001f7   Thumb Code     0  startup_stm32wb55xx_cm4.o(.text)
    TSC_IRQHandler                           0x080001f7   Thumb Code     0  startup_stm32wb55xx_cm4.o(.text)
    USART1_IRQHandler                        0x080001f7   Thumb Code     0  startup_stm32wb55xx_cm4.o(.text)
    USB_HP_IRQHandler                        0x080001f7   Thumb Code     0  startup_stm32wb55xx_cm4.o(.text)
    USB_LP_IRQHandler                        0x080001f7   Thumb Code     0  startup_stm32wb55xx_cm4.o(.text)
    WWDG_IRQHandler                          0x080001f7   Thumb Code     0  startup_stm32wb55xx_cm4.o(.text)
    __user_initial_stackheap                 0x080001f9   Thumb Code     0  startup_stm32wb55xx_cm4.o(.text)
    __aeabi_memclr4                          0x0800021d   Thumb Code     0  rt_memclr_w.o(.text)
    __aeabi_memclr8                          0x0800021d   Thumb Code     0  rt_memclr_w.o(.text)
    __rt_memclr_w                            0x0800021d   Thumb Code    78  rt_memclr_w.o(.text)
    _memset_w                                0x08000221   Thumb Code     0  rt_memclr_w.o(.text)
    __use_two_region_memory                  0x0800026b   Thumb Code     2  heapauxi.o(.text)
    __rt_heap_escrow$2region                 0x0800026d   Thumb Code     2  heapauxi.o(.text)
    __rt_heap_expand$2region                 0x0800026f   Thumb Code     2  heapauxi.o(.text)
    __user_setup_stackheap                   0x08000271   Thumb Code    74  sys_stackheap_outer.o(.text)
    exit                                     0x080002bb   Thumb Code    12  exit.o(.text)
    __user_libspace                          0x080002c9   Thumb Code     8  libspace.o(.text)
    __user_perproc_libspace                  0x080002c9   Thumb Code     0  libspace.o(.text)
    __user_perthread_libspace                0x080002c9   Thumb Code     0  libspace.o(.text)
    _sys_exit                                0x080002d1   Thumb Code     8  sys_exit.o(.text)
    __I$use$semihosting                      0x080002dd   Thumb Code     0  use_no_semi.o(.text)
    __use_no_semihosting_swi                 0x080002dd   Thumb Code     2  use_no_semi.o(.text)
    BusFault_Handler                         0x080002df   Thumb Code     4  stm32wbxx_it.o(i.BusFault_Handler)
    __semihosting_library_function           0x080002df   Thumb Code     0  indicate_semi.o(.text)
    DebugMon_Handler                         0x080002e3   Thumb Code     2  stm32wbxx_it.o(i.DebugMon_Handler)
    Error_Handler                            0x080002e5   Thumb Code     6  sys.o(i.Error_Handler)
    HAL_GetTick                              0x080002ed   Thumb Code     6  stm32wbxx_hal.o(i.HAL_GetTick)
    HAL_GetTickPrio                          0x080002f9   Thumb Code     6  stm32wbxx_hal.o(i.HAL_GetTickPrio)
    HAL_IncTick                              0x08000305   Thumb Code    16  stm32wbxx_hal.o(i.HAL_IncTick)
    HAL_InitTick                             0x0800031d   Thumb Code    74  stm32wbxx_hal.o(i.HAL_InitTick)
    HAL_NVIC_SetPriority                     0x08000371   Thumb Code   122  stm32wbxx_hal_cortex.o(i.HAL_NVIC_SetPriority)
    HAL_PWREx_GetVoltageRange                0x080003ed   Thumb Code    10  stm32wbxx_hal_pwr_ex.o(i.HAL_PWREx_GetVoltageRange)
    HAL_PWR_EnableBkUpAccess                 0x080003fd   Thumb Code    14  stm32wbxx_hal_pwr.o(i.HAL_PWR_EnableBkUpAccess)
    HAL_RCCEx_PeriphCLKConfig                0x08000411   Thumb Code   752  stm32wbxx_hal_rcc_ex.o(i.HAL_RCCEx_PeriphCLKConfig)
    HAL_RCC_ClockConfig                      0x08000705   Thumb Code   628  stm32wbxx_hal_rcc.o(i.HAL_RCC_ClockConfig)
    HAL_RCC_GetHCLKFreq                      0x08000981   Thumb Code    30  stm32wbxx_hal_rcc.o(i.HAL_RCC_GetHCLKFreq)
    HAL_RCC_GetSysClockFreq                  0x080009a5   Thumb Code   162  stm32wbxx_hal_rcc.o(i.HAL_RCC_GetSysClockFreq)
    HAL_RCC_OscConfig                        0x08000a55   Thumb Code  1584  stm32wbxx_hal_rcc.o(i.HAL_RCC_OscConfig)
    HAL_SYSTICK_Config                       0x08001091   Thumb Code    52  stm32wbxx_hal_cortex.o(i.HAL_SYSTICK_Config)
    HardFault_Handler                        0x080010c5   Thumb Code     4  stm32wbxx_it.o(i.HardFault_Handler)
    MemManage_Handler                        0x08001329   Thumb Code     4  stm32wbxx_it.o(i.MemManage_Handler)
    NMI_Handler                              0x0800132d   Thumb Code     4  stm32wbxx_it.o(i.NMI_Handler)
    PendSV_Handler                           0x08001331   Thumb Code     2  stm32wbxx_it.o(i.PendSV_Handler)
    PeriphCommonClock_Config                 0x08001333   Thumb Code    42  sys.o(i.PeriphCommonClock_Config)
    SVC_Handler                              0x08001609   Thumb Code     2  stm32wbxx_it.o(i.SVC_Handler)
    SysTick_Handler                          0x0800160b   Thumb Code     8  stm32wbxx_it.o(i.SysTick_Handler)
    SystemClock_Config                       0x08001615   Thumb Code   150  sys.o(i.SystemClock_Config)
    SystemCoreClockUpdate                    0x080016b1   Thumb Code   188  system_stm32wbxx.o(i.SystemCoreClockUpdate)
    SystemInit                               0x08001781   Thumb Code   102  system_stm32wbxx.o(i.SystemInit)
    UsageFault_Handler                       0x080017f9   Thumb Code     4  stm32wbxx_it.o(i.UsageFault_Handler)
    main                                     0x08001835   Thumb Code    12  main.o(i.main)
    _fp_init                                 0x08001841   Thumb Code    10  fpinit.o(x$fpl$fpinit)
    __fplib_config_fpu_vfp                   0x08001849   Thumb Code     0  fpinit.o(x$fpl$fpinit)
    __fplib_config_pureend_doubles           0x08001849   Thumb Code     0  fpinit.o(x$fpl$fpinit)
    AHBPrescTable                            0x0800184c   Data          64  system_stm32wbxx.o(.constdata)
    APBPrescTable                            0x0800188c   Data          32  system_stm32wbxx.o(.constdata)
    MSIRangeTable                            0x080018ac   Data          64  system_stm32wbxx.o(.constdata)
    SmpsPrescalerTable                       0x080018ec   Data          96  system_stm32wbxx.o(.constdata)
    Region$$Table$$Base                      0x08001978   Number         0  anon$$obj.o(Region$$Table)
    Region$$Table$$Limit                     0x08001998   Number         0  anon$$obj.o(Region$$Table)
    SystemCoreClock                          0x20000000   Data           4  system_stm32wbxx.o(.data)
    uwTick                                   0x20000004   Data           4  stm32wbxx_hal.o(.data)
    uwTickPrio                               0x20000008   Data           4  stm32wbxx_hal.o(.data)
    uwTickFreq                               0x2000000c   Data           4  stm32wbxx_hal.o(.data)
    __libspace_start                         0x20000010   Data          96  libspace.o(.bss)
    __temporary_stack_top$libspace           0x20000070   Data           0  libspace.o(.bss)



==============================================================================

Memory Map of the image

  Image Entry point : 0x0800013d

  Load Region LR_IROM1 (Base: 0x08000000, Size: 0x000019a8, Max: 0x01000000, ABSOLUTE)

    Execution Region ER_IROM1 (Base: 0x08000000, Size: 0x00001998, Max: 0x01000000, ABSOLUTE)

    Base Addr    Size         Type   Attr      Idx    E Section Name        Object

    0x08000000   0x0000013c   Data   RO            3    RESET               startup_stm32wb55xx_cm4.o
    0x0800013c   0x00000008   Code   RO         2353  * !!!main             c_w.l(__main.o)
    0x08000144   0x00000034   Code   RO         2509    !!!scatter          c_w.l(__scatter.o)
    0x08000178   0x0000001a   Code   RO         2511    !!handler_copy      c_w.l(__scatter_copy.o)
    0x08000192   0x00000002   PAD
    0x08000194   0x0000001c   Code   RO         2513    !!handler_zi        c_w.l(__scatter_zi.o)
    0x080001b0   0x00000002   Code   RO         2380    .ARM.Collect$$libinit$$00000000  c_w.l(libinit.o)
    0x080001b2   0x00000004   Code   RO         2386    .ARM.Collect$$libinit$$00000001  c_w.l(libinit2.o)
    0x080001b6   0x00000000   Code   RO         2389    .ARM.Collect$$libinit$$00000004  c_w.l(libinit2.o)
    0x080001b6   0x00000000   Code   RO         2392    .ARM.Collect$$libinit$$0000000A  c_w.l(libinit2.o)
    0x080001b6   0x00000000   Code   RO         2394    .ARM.Collect$$libinit$$0000000C  c_w.l(libinit2.o)
    0x080001b6   0x00000000   Code   RO         2396    .ARM.Collect$$libinit$$0000000E  c_w.l(libinit2.o)
    0x080001b6   0x00000000   Code   RO         2399    .ARM.Collect$$libinit$$00000011  c_w.l(libinit2.o)
    0x080001b6   0x00000000   Code   RO         2401    .ARM.Collect$$libinit$$00000013  c_w.l(libinit2.o)
    0x080001b6   0x00000000   Code   RO         2403    .ARM.Collect$$libinit$$00000015  c_w.l(libinit2.o)
    0x080001b6   0x00000000   Code   RO         2405    .ARM.Collect$$libinit$$00000017  c_w.l(libinit2.o)
    0x080001b6   0x00000000   Code   RO         2407    .ARM.Collect$$libinit$$00000019  c_w.l(libinit2.o)
    0x080001b6   0x00000000   Code   RO         2409    .ARM.Collect$$libinit$$0000001B  c_w.l(libinit2.o)
    0x080001b6   0x00000000   Code   RO         2411    .ARM.Collect$$libinit$$0000001D  c_w.l(libinit2.o)
    0x080001b6   0x00000000   Code   RO         2413    .ARM.Collect$$libinit$$0000001F  c_w.l(libinit2.o)
    0x080001b6   0x00000000   Code   RO         2415    .ARM.Collect$$libinit$$00000021  c_w.l(libinit2.o)
    0x080001b6   0x00000000   Code   RO         2417    .ARM.Collect$$libinit$$00000023  c_w.l(libinit2.o)
    0x080001b6   0x00000000   Code   RO         2419    .ARM.Collect$$libinit$$00000025  c_w.l(libinit2.o)
    0x080001b6   0x00000000   Code   RO         2423    .ARM.Collect$$libinit$$0000002C  c_w.l(libinit2.o)
    0x080001b6   0x00000000   Code   RO         2425    .ARM.Collect$$libinit$$0000002E  c_w.l(libinit2.o)
    0x080001b6   0x00000000   Code   RO         2427    .ARM.Collect$$libinit$$00000030  c_w.l(libinit2.o)
    0x080001b6   0x00000000   Code   RO         2429    .ARM.Collect$$libinit$$00000032  c_w.l(libinit2.o)
    0x080001b6   0x00000002   Code   RO         2430    .ARM.Collect$$libinit$$00000033  c_w.l(libinit2.o)
    0x080001b8   0x00000002   Code   RO         2450    .ARM.Collect$$libshutdown$$00000000  c_w.l(libshutdown.o)
    0x080001ba   0x00000000   Code   RO         2464    .ARM.Collect$$libshutdown$$00000003  c_w.l(libshutdown2.o)
    0x080001ba   0x00000000   Code   RO         2467    .ARM.Collect$$libshutdown$$00000006  c_w.l(libshutdown2.o)
    0x080001ba   0x00000000   Code   RO         2470    .ARM.Collect$$libshutdown$$00000009  c_w.l(libshutdown2.o)
    0x080001ba   0x00000000   Code   RO         2472    .ARM.Collect$$libshutdown$$0000000B  c_w.l(libshutdown2.o)
    0x080001ba   0x00000000   Code   RO         2475    .ARM.Collect$$libshutdown$$0000000E  c_w.l(libshutdown2.o)
    0x080001ba   0x00000002   Code   RO         2476    .ARM.Collect$$libshutdown$$0000000F  c_w.l(libshutdown2.o)
    0x080001bc   0x00000000   Code   RO         2355    .ARM.Collect$$rtentry$$00000000  c_w.l(__rtentry.o)
    0x080001bc   0x00000000   Code   RO         2357    .ARM.Collect$$rtentry$$00000002  c_w.l(__rtentry2.o)
    0x080001bc   0x00000006   Code   RO         2369    .ARM.Collect$$rtentry$$00000004  c_w.l(__rtentry4.o)
    0x080001c2   0x00000000   Code   RO         2359    .ARM.Collect$$rtentry$$00000009  c_w.l(__rtentry2.o)
    0x080001c2   0x00000004   Code   RO         2360    .ARM.Collect$$rtentry$$0000000A  c_w.l(__rtentry2.o)
    0x080001c6   0x00000000   Code   RO         2362    .ARM.Collect$$rtentry$$0000000C  c_w.l(__rtentry2.o)
    0x080001c6   0x00000008   Code   RO         2363    .ARM.Collect$$rtentry$$0000000D  c_w.l(__rtentry2.o)
    0x080001ce   0x00000002   Code   RO         2384    .ARM.Collect$$rtexit$$00000000  c_w.l(rtexit.o)
    0x080001d0   0x00000000   Code   RO         2432    .ARM.Collect$$rtexit$$00000002  c_w.l(rtexit2.o)
    0x080001d0   0x00000004   Code   RO         2433    .ARM.Collect$$rtexit$$00000003  c_w.l(rtexit2.o)
    0x080001d4   0x00000006   Code   RO         2434    .ARM.Collect$$rtexit$$00000004  c_w.l(rtexit2.o)
    0x080001da   0x00000002   PAD
    0x080001dc   0x00000040   Code   RO            4    .text               startup_stm32wb55xx_cm4.o
    0x0800021c   0x0000004e   Code   RO         2349    .text               c_w.l(rt_memclr_w.o)
    0x0800026a   0x00000006   Code   RO         2351    .text               c_w.l(heapauxi.o)
    0x08000270   0x0000004a   Code   RO         2371    .text               c_w.l(sys_stackheap_outer.o)
    0x080002ba   0x0000000c   Code   RO         2373    .text               c_w.l(exit.o)
    0x080002c6   0x00000002   PAD
    0x080002c8   0x00000008   Code   RO         2381    .text               c_w.l(libspace.o)
    0x080002d0   0x0000000c   Code   RO         2442    .text               c_w.l(sys_exit.o)
    0x080002dc   0x00000002   Code   RO         2453    .text               c_w.l(use_no_semi.o)
    0x080002de   0x00000000   Code   RO         2455    .text               c_w.l(indicate_semi.o)
    0x080002de   0x00000004   Code   RO          144    i.BusFault_Handler  stm32wbxx_it.o
    0x080002e2   0x00000002   Code   RO          145    i.DebugMon_Handler  stm32wbxx_it.o
    0x080002e4   0x00000006   Code   RO          259    i.Error_Handler     sys.o
    0x080002ea   0x00000002   PAD
    0x080002ec   0x0000000c   Code   RO          311    i.HAL_GetTick       stm32wbxx_hal.o
    0x080002f8   0x0000000c   Code   RO          313    i.HAL_GetTickPrio   stm32wbxx_hal.o
    0x08000304   0x00000018   Code   RO          317    i.HAL_IncTick       stm32wbxx_hal.o
    0x0800031c   0x00000054   Code   RO          319    i.HAL_InitTick      stm32wbxx_hal.o
    0x08000370   0x0000007a   Code   RO          580    i.HAL_NVIC_SetPriority  stm32wbxx_hal_cortex.o
    0x080003ea   0x00000002   PAD
    0x080003ec   0x00000010   Code   RO         1717    i.HAL_PWREx_GetVoltageRange  stm32wbxx_hal_pwr_ex.o
    0x080003fc   0x00000014   Code   RO         1565    i.HAL_PWR_EnableBkUpAccess  stm32wbxx_hal_pwr.o
    0x08000410   0x000002f4   Code   RO         1190    i.HAL_RCCEx_PeriphCLKConfig  stm32wbxx_hal_rcc_ex.o
    0x08000704   0x0000027c   Code   RO          912    i.HAL_RCC_ClockConfig  stm32wbxx_hal_rcc.o
    0x08000980   0x00000024   Code   RO          918    i.HAL_RCC_GetHCLKFreq  stm32wbxx_hal_rcc.o
    0x080009a4   0x000000b0   Code   RO          922    i.HAL_RCC_GetSysClockFreq  stm32wbxx_hal_rcc.o
    0x08000a54   0x0000063c   Code   RO          925    i.HAL_RCC_OscConfig  stm32wbxx_hal_rcc.o
    0x08001090   0x00000034   Code   RO          585    i.HAL_SYSTICK_Config  stm32wbxx_hal_cortex.o
    0x080010c4   0x00000004   Code   RO          146    i.HardFault_Handler  stm32wbxx_it.o
    0x080010c8   0x00000010   Code   RO          927    i.LL_RCC_GetAHB4Prescaler  stm32wbxx_hal_rcc.o
    0x080010d8   0x0000000c   Code   RO          928    i.LL_RCC_GetSysClkSource  stm32wbxx_hal_rcc.o
    0x080010e4   0x00000012   Code   RO          929    i.LL_RCC_HSE_DisableBypass  stm32wbxx_hal_rcc.o
    0x080010f6   0x00000012   Code   RO          930    i.LL_RCC_HSE_Enable  stm32wbxx_hal_rcc.o
    0x08001108   0x0000000c   Code   RO          931    i.LL_RCC_HSE_IsEnabledDiv2  stm32wbxx_hal_rcc.o
    0x08001114   0x0000000c   Code   RO          932    i.LL_RCC_HSE_IsReady  stm32wbxx_hal_rcc.o
    0x08001120   0x00000010   Code   RO          933    i.LL_RCC_HSI48_IsReady  stm32wbxx_hal_rcc.o
    0x08001130   0x0000000c   Code   RO          934    i.LL_RCC_HSI_IsReady  stm32wbxx_hal_rcc.o
    0x0800113c   0x00000016   Code   RO          935    i.LL_RCC_HSI_SetCalibTrimming  stm32wbxx_hal_rcc.o
    0x08001152   0x00000002   PAD
    0x08001154   0x00000018   Code   RO          936    i.LL_RCC_LSE_Enable  stm32wbxx_hal_rcc.o
    0x0800116c   0x00000010   Code   RO          937    i.LL_RCC_LSE_IsReady  stm32wbxx_hal_rcc.o
    0x0800117c   0x00000010   Code   RO         1208    i.LL_RCC_LSE_IsReady  stm32wbxx_hal_rcc_ex.o
    0x0800118c   0x00000018   Code   RO          938    i.LL_RCC_LSI1_Disable  stm32wbxx_hal_rcc.o
    0x080011a4   0x00000018   Code   RO          939    i.LL_RCC_LSI1_Enable  stm32wbxx_hal_rcc.o
    0x080011bc   0x00000010   Code   RO          940    i.LL_RCC_LSI1_IsReady  stm32wbxx_hal_rcc.o
    0x080011cc   0x00000018   Code   RO          941    i.LL_RCC_LSI2_Disable  stm32wbxx_hal_rcc.o
    0x080011e4   0x00000010   Code   RO          942    i.LL_RCC_LSI2_IsReady  stm32wbxx_hal_rcc.o
    0x080011f4   0x00000012   Code   RO          943    i.LL_RCC_MSI_Enable  stm32wbxx_hal_rcc.o
    0x08001206   0x00000012   Code   RO          944    i.LL_RCC_MSI_GetRange  stm32wbxx_hal_rcc.o
    0x08001218   0x0000000c   Code   RO          945    i.LL_RCC_MSI_IsReady  stm32wbxx_hal_rcc.o
    0x08001224   0x00000016   Code   RO          946    i.LL_RCC_MSI_SetCalibTrimming  stm32wbxx_hal_rcc.o
    0x0800123a   0x00000014   Code   RO          947    i.LL_RCC_MSI_SetRange  stm32wbxx_hal_rcc.o
    0x0800124e   0x00000012   Code   RO         1213    i.LL_RCC_PLLSAI1_Disable  stm32wbxx_hal_rcc_ex.o
    0x08001260   0x00000012   Code   RO         1214    i.LL_RCC_PLLSAI1_Enable  stm32wbxx_hal_rcc_ex.o
    0x08001272   0x0000000c   Code   RO         1216    i.LL_RCC_PLLSAI1_IsReady  stm32wbxx_hal_rcc_ex.o
    0x0800127e   0x00000012   Code   RO          948    i.LL_RCC_PLL_Disable  stm32wbxx_hal_rcc.o
    0x08001290   0x0000000c   Code   RO          949    i.LL_RCC_PLL_GetMainSource  stm32wbxx_hal_rcc.o
    0x0800129c   0x0000000c   Code   RO          950    i.LL_RCC_PLL_GetN   stm32wbxx_hal_rcc.o
    0x080012a8   0x0000000c   Code   RO          951    i.LL_RCC_PLL_IsReady  stm32wbxx_hal_rcc.o
    0x080012b4   0x00000018   Code   RO         1221    i.LL_RCC_SetCLK48ClockSource  stm32wbxx_hal_rcc_ex.o
    0x080012cc   0x00000028   Code   RO         1222    i.LL_RCC_SetI2CClockSource  stm32wbxx_hal_rcc_ex.o
    0x080012f4   0x0000001c   Code   RO         1223    i.LL_RCC_SetLPTIMClockSource  stm32wbxx_hal_rcc_ex.o
    0x08001310   0x00000018   Code   RO         1224    i.LL_RCC_SetRNGClockSource  stm32wbxx_hal_rcc_ex.o
    0x08001328   0x00000004   Code   RO          147    i.MemManage_Handler  stm32wbxx_it.o
    0x0800132c   0x00000004   Code   RO          148    i.NMI_Handler       stm32wbxx_it.o
    0x08001330   0x00000002   Code   RO          149    i.PendSV_Handler    stm32wbxx_it.o
    0x08001332   0x0000002a   Code   RO          261    i.PeriphCommonClock_Config  sys.o
    0x0800135c   0x0000008e   Code   RO         1225    i.RCCEx_PLLSAI1_ConfigNP  stm32wbxx_hal_rcc_ex.o
    0x080013ea   0x0000008e   Code   RO         1226    i.RCCEx_PLLSAI1_ConfigNQ  stm32wbxx_hal_rcc_ex.o
    0x08001478   0x0000008e   Code   RO         1227    i.RCCEx_PLLSAI1_ConfigNR  stm32wbxx_hal_rcc_ex.o
    0x08001506   0x00000002   PAD
    0x08001508   0x000000b0   Code   RO          952    i.RCC_SetFlashLatency  stm32wbxx_hal_rcc.o
    0x080015b8   0x00000050   Code   RO          953    i.RCC_SetFlashLatencyFromMSIRange  stm32wbxx_hal_rcc.o
    0x08001608   0x00000002   Code   RO          150    i.SVC_Handler       stm32wbxx_it.o
    0x0800160a   0x00000008   Code   RO          151    i.SysTick_Handler   stm32wbxx_it.o
    0x08001612   0x00000002   PAD
    0x08001614   0x0000009c   Code   RO          262    i.SystemClock_Config  sys.o
    0x080016b0   0x000000d0   Code   RO          222    i.SystemCoreClockUpdate  system_stm32wbxx.o
    0x08001780   0x00000078   Code   RO          223    i.SystemInit        system_stm32wbxx.o
    0x080017f8   0x00000004   Code   RO          152    i.UsageFault_Handler  stm32wbxx_it.o
    0x080017fc   0x00000010   Code   RO          587    i.__NVIC_GetPriorityGrouping  stm32wbxx_hal_cortex.o
    0x0800180c   0x00000028   Code   RO          588    i.__NVIC_SetPriority  stm32wbxx_hal_cortex.o
    0x08001834   0x0000000c   Code   RO           13    i.main              main.o
    0x08001840   0x0000000a   Code   RO         2440    x$fpl$fpinit        fz_wm.l(fpinit.o)
    0x0800184a   0x00000002   PAD
    0x0800184c   0x00000100   Data   RO          224    .constdata          system_stm32wbxx.o
    0x0800194c   0x0000002c   Data   RO          954    .constdata          stm32wbxx_hal_rcc.o
    0x08001978   0x00000020   Data   RO         2507    Region$$Table       anon$$obj.o


    Execution Region RW_IRAM1 (Base: 0x20000000, Size: 0x00000670, Max: 0x00040000, ABSOLUTE)

    Base Addr    Size         Type   Attr      Idx    E Section Name        Object

    0x20000000   0x00000004   Data   RW          225    .data               system_stm32wbxx.o
    0x20000004   0x0000000c   Data   RW          340    .data               stm32wbxx_hal.o
    0x20000010   0x00000060   Zero   RW         2382    .bss                c_w.l(libspace.o)
    0x20000070   0x00000200   Zero   RW            2    HEAP                startup_stm32wb55xx_cm4.o
    0x20000270   0x00000400   Zero   RW            1    STACK               startup_stm32wb55xx_cm4.o


==============================================================================

Image component sizes


      Code (inc. data)   RO Data    RW Data    ZI Data      Debug   Object Name

        12          0          0          0          0     596499   main.o
        64         26        316          0       1536        876   startup_stm32wb55xx_cm4.o
       132         30          0         12          0       3452   stm32wbxx_hal.o
       230         14          0          0          0      33059   stm32wbxx_hal_cortex.o
        20          6          0          0          0        575   stm32wbxx_hal_pwr.o
        16          6          0          0          0        604   stm32wbxx_hal_pwr_ex.o
      3126        126         44          0          0      52598   stm32wbxx_hal_rcc.o
      1362         28          0          0          0      39716   stm32wbxx_hal_rcc_ex.o
        34          0          0          0          0       4418   stm32wbxx_it.o
       204          6          0          0          0       2204   sys.o
       328         38        256          4          0       2124   system_stm32wbxx.o

    ----------------------------------------------------------------------
      5538        280        648         16       1536     736125   Object Totals
         0          0         32          0          0          0   (incl. Generated)
        10          0          0          0          0          0   (incl. Padding)

    ----------------------------------------------------------------------

      Code (inc. data)   RO Data    RW Data    ZI Data      Debug   Library Member Name

         8          0          0          0          0         68   __main.o
         0          0          0          0          0          0   __rtentry.o
        12          0          0          0          0          0   __rtentry2.o
         6          0          0          0          0          0   __rtentry4.o
        52          8          0          0          0          0   __scatter.o
        26          0          0          0          0          0   __scatter_copy.o
        28          0          0          0          0          0   __scatter_zi.o
        12          0          0          0          0         72   exit.o
         6          0          0          0          0        152   heapauxi.o
         0          0          0          0          0          0   indicate_semi.o
         2          0          0          0          0          0   libinit.o
         6          0          0          0          0          0   libinit2.o
         2          0          0          0          0          0   libshutdown.o
         2          0          0          0          0          0   libshutdown2.o
         8          4          0          0         96         68   libspace.o
        78          0          0          0          0         80   rt_memclr_w.o
         2          0          0          0          0          0   rtexit.o
        10          0          0          0          0          0   rtexit2.o
        12          4          0          0          0         68   sys_exit.o
        74          0          0          0          0         80   sys_stackheap_outer.o
         2          0          0          0          0         68   use_no_semi.o
        10          0          0          0          0        116   fpinit.o

    ----------------------------------------------------------------------
       366         16          0          0         96        772   Library Totals
         8          0          0          0          0          0   (incl. Padding)

    ----------------------------------------------------------------------

      Code (inc. data)   RO Data    RW Data    ZI Data      Debug   Library Name

       348         16          0          0         96        656   c_w.l
        10          0          0          0          0        116   fz_wm.l

    ----------------------------------------------------------------------
       366         16          0          0         96        772   Library Totals

    ----------------------------------------------------------------------

==============================================================================


      Code (inc. data)   RO Data    RW Data    ZI Data      Debug   

      5904        296        648         16       1632     730389   Grand Totals
      5904        296        648         16       1632     730389   ELF Image Totals
      5904        296        648         16          0          0   ROM Totals

==============================================================================

    Total RO  Size (Code + RO Data)                 6552 (   6.40kB)
    Total RW  Size (RW Data + ZI Data)              1648 (   1.61kB)
    Total ROM Size (Code + RO Data + RW Data)       6568 (   6.41kB)

==============================================================================

